Archive member included to satisfy reference by file (symbol)

c:/program files/microchip/xc32/v4.10/bin/bin/../../lib/gcc/pic32mx/8.3.1\libgcc.a(floatunsidf.o)
                              build/default/debug/i2c.o (__floatunsidf)
c:/program files/microchip/xc32/v4.10/bin/bin/../../lib/gcc/pic32mx/8.3.1/../../../../pic32mx/lib\libpic32.a(default-bootstrap-exception-handler.o)
                              C:\Users\orras\AppData\Local\Temp\ccAUTy9u.o (_bootstrap_exception_handler)
c:/program files/microchip/xc32/v4.10/bin/bin/../../lib/gcc/pic32mx/8.3.1/../../../../pic32mx/lib\libpic32.a(default-on-reset.o)
                              C:\Users\orras\AppData\Local\Temp\ccAUTy9u.o (_on_reset)
c:/program files/microchip/xc32/v4.10/bin/bin/../../lib/gcc/pic32mx/8.3.1/../../../../pic32mx/lib\libpic32.a(default-on-bootstrap.o)
                              C:\Users\orras\AppData\Local\Temp\ccAUTy9u.o (_on_bootstrap)
c:/program files/microchip/xc32/v4.10/bin/bin/../../lib/gcc/pic32mx/8.3.1/../../../../pic32mx/lib\libpic32.a(default-nmi-handler.o)
                              C:\Users\orras\AppData\Local\Temp\ccAUTy9u.o (_nmi_handler)
c:/program files/microchip/xc32/v4.10/bin/bin/../../lib/gcc/pic32mx/8.3.1/../../../../pic32mx/lib\libpic32.a(pic32_data_init.o)
                              C:\Users\orras\AppData\Local\Temp\ccAUTy9u.o (__pic32_data_init)
c:/program files/microchip/xc32/v4.10/bin/bin/../../lib/gcc/pic32mx/8.3.1/../../../../pic32mx/lib\libpic32.a(general-exception.o)
                              C:\Users\orras\AppData\Local\Temp\ccAUTy9u.o (_general_exception_context)
c:/program files/microchip/xc32/v4.10/bin/bin/../../lib/gcc/pic32mx/8.3.1/../../../../pic32mx/lib\libpic32.a(vector0.o)
                              C:\Users\orras\AppData\Local\Temp\ccAdiW9K.o (__vector_dispatch_0)
c:/program files/microchip/xc32/v4.10/bin/bin/../../lib/gcc/pic32mx/8.3.1/../../../../pic32mx/lib\libpic32.a(vector1.o)
                              C:\Users\orras\AppData\Local\Temp\ccAdiW9K.o (__vector_dispatch_1)
c:/program files/microchip/xc32/v4.10/bin/bin/../../lib/gcc/pic32mx/8.3.1/../../../../pic32mx/lib\libpic32.a(vector2.o)
                              C:\Users\orras\AppData\Local\Temp\ccAdiW9K.o (__vector_dispatch_2)
c:/program files/microchip/xc32/v4.10/bin/bin/../../lib/gcc/pic32mx/8.3.1/../../../../pic32mx/lib\libpic32.a(vector3.o)
                              C:\Users\orras\AppData\Local\Temp\ccAdiW9K.o (__vector_dispatch_3)
c:/program files/microchip/xc32/v4.10/bin/bin/../../lib/gcc/pic32mx/8.3.1/../../../../pic32mx/lib\libpic32.a(vector4.o)
                              C:\Users\orras\AppData\Local\Temp\ccAdiW9K.o (__vector_dispatch_4)
c:/program files/microchip/xc32/v4.10/bin/bin/../../lib/gcc/pic32mx/8.3.1/../../../../pic32mx/lib\libpic32.a(vector5.o)
                              C:\Users\orras\AppData\Local\Temp\ccAdiW9K.o (__vector_dispatch_5)
c:/program files/microchip/xc32/v4.10/bin/bin/../../lib/gcc/pic32mx/8.3.1/../../../../pic32mx/lib\libpic32.a(vector6.o)
                              C:\Users\orras\AppData\Local\Temp\ccAdiW9K.o (__vector_dispatch_6)
c:/program files/microchip/xc32/v4.10/bin/bin/../../lib/gcc/pic32mx/8.3.1/../../../../pic32mx/lib\libpic32.a(vector7.o)
                              C:\Users\orras\AppData\Local\Temp\ccAdiW9K.o (__vector_dispatch_7)
c:/program files/microchip/xc32/v4.10/bin/bin/../../lib/gcc/pic32mx/8.3.1/../../../../pic32mx/lib\libpic32.a(vector9.o)
                              C:\Users\orras\AppData\Local\Temp\ccAdiW9K.o (__vector_dispatch_9)
c:/program files/microchip/xc32/v4.10/bin/bin/../../lib/gcc/pic32mx/8.3.1/../../../../pic32mx/lib\libpic32.a(vector10.o)
                              C:\Users\orras\AppData\Local\Temp\ccAdiW9K.o (__vector_dispatch_10)
c:/program files/microchip/xc32/v4.10/bin/bin/../../lib/gcc/pic32mx/8.3.1/../../../../pic32mx/lib\libpic32.a(vector11.o)
                              C:\Users\orras\AppData\Local\Temp\ccAdiW9K.o (__vector_dispatch_11)
c:/program files/microchip/xc32/v4.10/bin/bin/../../lib/gcc/pic32mx/8.3.1/../../../../pic32mx/lib\libpic32.a(vector12.o)
                              C:\Users\orras\AppData\Local\Temp\ccAdiW9K.o (__vector_dispatch_12)
c:/program files/microchip/xc32/v4.10/bin/bin/../../lib/gcc/pic32mx/8.3.1/../../../../pic32mx/lib\libpic32.a(vector13.o)
                              C:\Users\orras\AppData\Local\Temp\ccAdiW9K.o (__vector_dispatch_13)
c:/program files/microchip/xc32/v4.10/bin/bin/../../lib/gcc/pic32mx/8.3.1/../../../../pic32mx/lib\libpic32.a(vector14.o)
                              C:\Users\orras\AppData\Local\Temp\ccAdiW9K.o (__vector_dispatch_14)
c:/program files/microchip/xc32/v4.10/bin/bin/../../lib/gcc/pic32mx/8.3.1/../../../../pic32mx/lib\libpic32.a(vector15.o)
                              C:\Users\orras\AppData\Local\Temp\ccAdiW9K.o (__vector_dispatch_15)
c:/program files/microchip/xc32/v4.10/bin/bin/../../lib/gcc/pic32mx/8.3.1/../../../../pic32mx/lib\libpic32.a(vector16.o)
[...]
Memory Configuration

Name             Origin             Length             Attributes
kseg0_data_mem   0x0000000080000000 0x0000000000000200
kseg1_data_mem   0x00000000a0000000 0x0000000000002000 w !x
kseg0_boot_mem   0x000000009fc00490 0x0000000000000000
kseg1_boot_mem   0x00000000bfc00000 0x0000000000000490
kseg0_program_mem 0x000000009d000000 0x000000000000f000 xr
exception_mem    0x000000009d00f000 0x0000000000001000
debug_exec_mem   0x000000009fc00490 0x0000000000000760
config3          0x00000000bfc00bf0 0x0000000000000004
config2          0x00000000bfc00bf4 0x0000000000000004
config1          0x00000000bfc00bf8 0x0000000000000004
config0          0x00000000bfc00bfc 0x0000000000000004
sfrs             0x00000000bf800000 0x0000000000100000
configsfrs       0x00000000bfc00bf0 0x0000000000000010
*default*        0x0000000000000000 0xffffffffffffffff

Linker script and memory map


reserve_data_0_kseg0
                0x0000000080000000      0x200
                0x0000000080000000        0x2 SHORT 0x0
                0x00000000000001fd                . = 0x1fd
 *fill*         0x0000000080000002      0x1fb 
                0x0000000080000200                . = ALIGN (0x4)
 *fill*         0x00000000800001fd        0x3 

reserve_data_0_kseg1
                0x00000000a0000000      0x200
                0x00000000a0000000        0x2 SHORT 0x0
                0x00000000000001fd                . = 0x1fd
 *fill*         0x00000000a0000002      0x1fb 
                0x00000000a0000200                . = ALIGN (0x4)
 *fill*         0x00000000a00001fd        0x3 

reserve_boot_0x1fc00490_kseg0
                0x000000009fc00490      0x760
                0x000000009fc00490        0x2 SHORT 0x0
                0x0000000000000760                . = 0x760
 *fill*         0x000000009fc00492      0x75e 
                0x000000009fc00bf0                . = ALIGN (0x4)

reserve_boot_0x1fc00490_kseg1
                0x00000000bfc00490      0x760
                0x00000000bfc00490        0x2 SHORT 0x0
                0x0000000000000760                . = 0x760
 *fill*         0x00000000bfc00492      0x75e 
                0x00000000bfc00bf0                . = ALIGN (0x4)
LOAD c:/program files/microchip/xc32/v4.10/bin/bin/../../lib/gcc/pic32mx/8.3.1/../../../../pic32mx/lib\software-debug-break.o
LOAD build/default/debug/main.o
LOAD build/default/debug/config.o
LOAD build/default/debug/PCA9685.o
LOAD build/default/debug/i2c.o
LOAD build/default/debug/hwinterface.o
LOAD build/default/debug/timer.o
LOAD build/default/debug/peripherals.o
LOAD build/default/debug/i2c_display.o
LOAD build/default/debug/ui.o
LOAD build/default/debug/M24256E.o
LOAD build/default/debug/manager.o
                0x0000000000000001                __MPLAB_BUILD = 0x1
                0x0000000000000001                __MPLAB_DEBUG = 0x1
                0x0000000000000001                __DEBUG = 0x1
LOAD C:\Users\orras\AppData\Local\Temp\ccAUTy9u.o
LOAD C:\Users\orras\AppData\Local\Temp\ccdaCwa0.o
LOAD C:\Users\orras\AppData\Local\Temp\ccAdiW9K.o
LOAD c:/program files/microchip/xc32/v4.10/bin/bin/../../lib/gcc/pic32mx/8.3.1/../../../../pic32mx/lib\pic32_software_reset.o
LOAD c:/program files/microchip/xc32/v4.10/bin/bin/../../lib/gcc/pic32mx/8.3.1\libgcc.a
START GROUP
LOAD c:/program files/microchip/xc32/v4.10/bin/bin/../../lib/gcc/pic32mx/8.3.1/../../../../pic32mx/lib\libpic32.a
LOAD c:/program files/microchip/xc32/v4.10/bin/bin/../../lib/gcc/pic32mx/8.3.1/../../../../pic32mx/lib\libdebug.a
LOAD c:/program files/microchip/xc32/v4.10/bin/bin/../../lib/gcc/pic32mx/8.3.1/../../../../pic32mx/lib\libc-musl.a
LOAD c:/program files/microchip/xc32/v4.10/bin/bin/../../lib/gcc/pic32mx/8.3.1/../../../../pic32mx/lib\libm.a
LOAD c:/program files/microchip/xc32/v4.10/bin/bin/../../lib/gcc/pic32mx/8.3.1/../../../../pic32mx/lib\libe.a
LOAD c:/program files/microchip/xc32/v4.10/bin/bin/../../lib/gcc/pic32mx/8.3.1/../../../../pic32mx/lib\libm-musl.a
LOAD c:/program files/microchip/xc32/v4.10/bin/bin/../../lib/gcc/pic32mx/8.3.1/../../../../pic32mx/lib\libdsp.a
LOAD c:/program files/microchip/xc32/v4.10/bin/bin/../../lib/gcc/pic32mx/8.3.1\libgcc.a
END GROUP
LOAD c:/program files/microchip/xc32/v4.10/bin/bin/../../lib/gcc/pic32mx/8.3.1\libgcc.a
                0x0000000000000400                PROVIDE (_min_stack_size = 0x400)
START GROUP
LOAD libmchp_peripheral.a
END GROUP
START GROUP
LOAD libmchp_peripheral_32MX120F064H.a
END GROUP
                0x0000000000000001                PROVIDE (_vector_spacing = 0x1)
                0x000000009d00f000                PROVIDE (_ebase_address = 0x9d00f000)
                0x00000000bfc00000                _RESET_ADDR = 0xbfc00000
                0x00000000bfc00380                _BEV_EXCPT_ADDR = 0xbfc00380
                0x00000000bfc00480                _DBG_EXCPT_ADDR = 0xbfc00480
                0x000000009fc00490                _DBG_CODE_ADDR = 0x9fc00490
                0x0000000000000760                _DBG_CODE_SIZE = 0x760
                0x000000009d00f180                _GEN_EXCPT_ADDR = (_ebase_address + 0x180)

.config_BFC00BF0
                0x00000000bfc00bf0        0x4
 *(.config_BFC00BF0)
 .config_BFC00BF0
                0x00000000bfc00bf0        0x4 build/default/debug/main.o
                0x00000000bfc00bf0                __config_BFC00BF0

.config_BFC00BF4
                0x00000000bfc00bf4        0x4
 *(.config_BFC00BF4)
 .config_BFC00BF4
                0x00000000bfc00bf4        0x4 build/default/debug/main.o
                0x00000000bfc00bf4                __config_BFC00BF4

.config_BFC00BF8
                0x00000000bfc00bf8        0x4
 *(.config_BFC00BF8)
 .config_BFC00BF8
                0x00000000bfc00bf8        0x4 build/default/debug/main.o
                0x00000000bfc00bf8                __config_BFC00BF8

.config_BFC00BFC
                0x00000000bfc00bfc        0x4
 *(.config_BFC00BFC)
 .config_BFC00BFC
                0x00000000bfc00bfc        0x4 build/default/debug/main.o
                0x00000000bfc00bfc                __config_BFC00BFC

.reset          0x00000000bfc00000      0x178
 *(.reset)
 .reset         0x00000000bfc00000        0x8 C:\Users\orras\AppData\Local\Temp\ccAUTy9u.o
                0x00000000bfc00000                _reset
 *(.reset.startup)
 .reset.startup
                0x00000000bfc00008      0x170 C:\Users\orras\AppData\Local\Temp\ccAUTy9u.o
                0x00000000bfc00008                _startup

.bev_excpt      0x00000000bfc00380       0x10
 *(.bev_handler)
 .bev_handler   0x00000000bfc00380       0x10 C:\Users\orras\AppData\Local\Temp\ccAUTy9u.o

.dbg_excpt      0x00000000bfc00480        0x0
                0x00000000bfc00480                . = (. + DEFINED (_DEBUGGER)?0x8:0x0)

.dbg_code       0x000000009fc00490        0x0
                0x000000009fc00490                . = (. + DEFINED (_DEBUGGER)?_DBG_CODE_SIZE:0x0)

.app_excpt      0x000000009d00f180       0x10
 *(.gen_handler)
 .gen_handler   0x000000009d00f180       0x10 C:\Users\orras\AppData\Local\Temp\ccAUTy9u.o

.vector_0       0x000000009d00f200        0x8
 *(.vector_0)
 .vector_0      0x000000009d00f200        0x8 c:/program files/microchip/xc32/v4.10/bin/bin/../../lib/gcc/pic32mx/8.3.1/../../../../pic32mx/lib\libpic32.a(vector0.o)
                0x000000009d00f200                __vector_dispatch_0
                0x0000000000000001                ASSERT (((_vector_spacing == 0x0) || (SIZEOF (.vector_0) <= (_vector_spacing << 0x5))), function at exception vector 0 too large)

.vector_1       0x000000009d00f220        0x8
 *(.vector_1)
 .vector_1      0x000000009d00f220        0x8 c:/program files/microchip/xc32/v4.10/bin/bin/../../lib/gcc/pic32mx/8.3.1/../../../../pic32mx/lib\libpic32.a(vector1.o)
                0x000000009d00f220                __vector_dispatch_1
                0x0000000000000001                ASSERT (((_vector_spacing == 0x0) || (SIZEOF (.vector_1) <= (_vector_spacing << 0x5))), function at exception vector 1 too large)

.vector_2       0x000000009d00f240        0x8
 *(.vector_2)
 .vector_2      0x000000009d00f240        0x8 c:/program files/microchip/xc32/v4.10/bin/bin/../../lib/gcc/pic32mx/8.3.1/../../../../pic32mx/lib\libpic32.a(vector2.o)
                0x000000009d00f240                __vector_dispatch_2
                0x0000000000000001                ASSERT (((_vector_spacing == 0x0) || (SIZEOF (.vector_2) <= (_vector_spacing << 0x5))), function at exception vector 2 too large)

.vector_3       0x000000009d00f260        0x8
 *(.vector_3)
 .vector_3      0x000000009d00f260        0x8 c:/program files/microchip/xc32/v4.10/bin/bin/../../lib/gcc/pic32mx/8.3.1/../../../../pic32mx/lib\libpic32.a(vector3.o)
                0x000000009d00f260                __vector_dispatch_3
                0x0000000000000001                ASSERT (((_vector_spacing == 0x0) || (SIZEOF (.vector_3) <= (_vector_spacing << 0x5))), function at exception vector 3 too large)

.vector_4       0x000000009d00f280        0x8
 *(.vector_4)
 .vector_4      0x000000009d00f280        0x8 c:/program files/microchip/xc32/v4.10/bin/bin/../../lib/gcc/pic32mx/8.3.1/../../../../pic32mx/lib\libpic32.a(vector4.o)
                0x000000009d00f280                __vector_dispatch_4
                0x0000000000000001                ASSERT (((_vector_spacing == 0x0) || (SIZEOF (.vector_4) <= (_vector_spacing << 0x5))), function at exception vector 4 too large)

.vector_5       0x000000009d00f2a0        0x8
 *(.vector_5)
 .vector_5      0x000000009d00f2a0        0x8 c:/program files/microchip/xc32/v4.10/bin/bin/../../lib/gcc/pic32mx/8.3.1/../../../../pic32mx/lib\libpic32.a(vector5.o)
                0x000000009d00f2a0                __vector_dispatch_5
                0x0000000000000001                ASSERT (((_vector_spacing == 0x0) || (SIZEOF (.vector_5) <= (_vector_spacing << 0x5))), function at exception vector 5 too large)

.vector_6       0x000000009d00f2c0        0x8
 *(.vector_6)
 .vector_6      0x000000009d00f2c0        0x8 c:/program files/microchip/xc32/v4.10/bin/bin/../../lib/gcc/pic32mx/8.3.1/../../../../pic32mx/lib\libpic32.a(vector6.o)
                0x000000009d00f2c0                __vector_dispatch_6
                0x0000000000000001                ASSERT (((_vector_spacing == 0x0) || (SIZEOF (.vector_6) <= (_vector_spacing << 0x5))), function at exception vector 6 too large)

.vector_7       0x000000009d00f2e0        0x8
 *(.vector_7)
 .vector_7      0x000000009d00f2e0        0x8 c:/program files/microchip/xc32/v4.10/bin/bin/../../lib/gcc/pic32mx/8.3.1/../../../../pic32mx/lib\libpic32.a(vector7.o)
                0x000000009d00f2e0                __vector_dispatch_7
                0x0000000000000001                ASSERT (((_vector_spacing == 0x0) || (SIZEOF (.vector_7) <= (_vector_spacing << 0x5))), function at exception vector 7 too large)

.vector_8       0x000000009d00f300        0x8
 *(.vector_8)
 .vector_8      0x000000009d00f300        0x8 build/default/debug/timer.o
                0x000000009d00f300                __vector_dispatch_8
                0x0000000000000001                ASSERT (((_vector_spacing == 0x0) || (SIZEOF (.vector_8) <= (_vector_spacing << 0x5))), function at exception vector 8 too large)

.vector_9       0x000000009d00f320        0x8
 *(.vector_9)
 .vector_9      0x000000009d00f320        0x8 c:/program files/microchip/xc32/v4.10/bin/bin/../../lib/gcc/pic32mx/8.3.1/../../../../pic32mx/lib\libpic32.a(vector9.o)
                0x000000009d00f320                __vector_dispatch_9
                0x0000000000000001                ASSERT (((_vector_spacing == 0x0) || (SIZEOF (.vector_9) <= (_vector_spacing << 0x5))), function at exception vector 9 too large)

.vector_10      0x000000009d00f340        0x8
 *(.vector_10)
 .vector_10     0x000000009d00f340        0x8 c:/program files/microchip/xc32/v4.10/bin/bin/../../lib/gcc/pic32mx/8.3.1/../../../../pic32mx/lib\libpic32.a(vector10.o)
                0x000000009d00f340                __vector_dispatch_10
                0x0000000000000001                ASSERT (((_vector_spacing == 0x0) || (SIZEOF (.vector_10) <= (_vector_spacing << 0x5))), function at exception vector 10 too large)

.vector_11      0x000000009d00f360        0x8
 *(.vector_11)
 .vector_11     0x000000009d00f360        0x8 c:/program files/microchip/xc32/v4.10/bin/bin/../../lib/gcc/pic32mx/8.3.1/../../../../pic32mx/lib\libpic32.a(vector11.o)
                0x000000009d00f360                __vector_dispatch_11
                0x0000000000000001                ASSERT (((_vector_spacing == 0x0) || (SIZEOF (.vector_11) <= (_vector_spacing << 0x5))), function at exception vector 11 too large)

.vector_12      0x000000009d00f380        0x8
 *(.vector_12)
 .vector_12     0x000000009d00f380        0x8 c:/program files/microchip/xc32/v4.10/bin/bin/../../lib/gcc/pic32mx/8.3.1/../../../../pic32mx/lib\libpic32.a(vector12.o)
                0x000000009d00f380                __vector_dispatch_12
                0x0000000000000001                ASSERT (((_vector_spacing == 0x0) || (SIZEOF (.vector_12) <= (_vector_spacing << 0x5))), function at exception vector 12 too large)

.vector_13      0x000000009d00f3a0        0x8
 *(.vector_13)
 .vector_13     0x000000009d00f3a0        0x8 c:/program files/microchip/xc32/v4.10/bin/bin/../../lib/gcc/pic32mx/8.3.1/../../../../pic32mx/lib\libpic32.a(vector13.o)
                0x000000009d00f3a0                __vector_dispatch_13
                0x0000000000000001                ASSERT (((_vector_spacing == 0x0) || (SIZEOF (.vector_13) <= (_vector_spacing << 0x5))), function at exception vector 13 too large)

.vector_14      0x000000009d00f3c0        0x8
 *(.vector_14)
 .vector_14     0x000000009d00f3c0        0x8 c:/program files/microchip/xc32/v4.10/bin/bin/../../lib/gcc/pic32mx/8.3.1/../../../../pic32mx/lib\libpic32.a(vector14.o)
                0x000000009d00f3c0                __vector_dispatch_14
                0x0000000000000001                ASSERT (((_vector_spacing == 0x0) || (SIZEOF (.vector_14) <= (_vector_spacing << 0x5))), function at exception vector 14 too large)

.vector_15      0x000000009d00f3e0        0x8
 *(.vector_15)
 .vector_15     0x000000009d00f3e0        0x8 c:/program files/microchip/xc32/v4.10/bin/bin/../../lib/gcc/pic32mx/8.3.1/../../../../pic32mx/lib\libpic32.a(vector15.o)
                0x000000009d00f3e0                __vector_dispatch_15
                0x0000000000000001                ASSERT (((_vector_spacing == 0x0) || (SIZEOF (.vector_15) <= (_vector_spacing << 0x5))), function at exception vector 15 too large)

.vector_16      0x000000009d00f400        0x8
 *(.vector_16)
 .vector_16     0x000000009d00f400        0x8 c:/program files/microchip/xc32/v4.10/bin/bin/../../lib/gcc/pic32mx/8.3.1/../../../../pic32mx/lib\libpic32.a(vector16.o)
                0x000000009d00f400                __vector_dispatch_16
                0x0000000000000001                ASSERT (((_vector_spacing == 0x0) || (SIZEOF (.vector_16) <= (_vector_spacing << 0x5))), function at exception vector 16 too large)

.vector_17      0x000000009d00f420        0x8
 *(.vector_17)
 .vector_17     0x000000009d00f420        0x8 c:/program files/microchip/xc32/v4.10/bin/bin/../../lib/gcc/pic32mx/8.3.1/../../../../pic32mx/lib\libpic32.a(vector17.o)
                0x000000009d00f420                __vector_dispatch_17
                0x0000000000000001                ASSERT (((_vector_spacing == 0x0) || (SIZEOF (.vector_17) <= (_vector_spacing << 0x5))), function at exception vector 17 too large)

.vector_18      0x000000009d00f440        0x8
 *(.vector_18)
 .vector_18     0x000000009d00f440        0x8 c:/program files/microchip/xc32/v4.10/bin/bin/../../lib/gcc/pic32mx/8.3.1/../../../../pic32mx/lib\libpic32.a(vector18.o)
                0x000000009d00f440                __vector_dispatch_18
                0x0000000000000001                ASSERT (((_vector_spacing == 0x0) || (SIZEOF (.vector_18) <= (_vector_spacing << 0x5))), function at exception vector 18 too large)

.vector_19      0x000000009d00f460        0x8
 *(.vector_19)
 .vector_19     0x000000009d00f460        0x8 c:/program files/microchip/xc32/v4.10/bin/bin/../../lib/gcc/pic32mx/8.3.1/../../../../pic32mx/lib\libpic32.a(vector19.o)
                0x000000009d00f460                __vector_dispatch_19
                0x0000000000000001                ASSERT (((_vector_spacing == 0x0) || (SIZEOF (.vector_19) <= (_vector_spacing << 0x5))), function at exception vector 19 too large)

.vector_20      0x000000009d00f480        0x8
 *(.vector_20)
 .vector_20     0x000000009d00f480        0x8 c:/program files/microchip/xc32/v4.10/bin/bin/../../lib/gcc/pic32mx/8.3.1/../../../../pic32mx/lib\libpic32.a(vector20.o)
                0x000000009d00f480                __vector_dispatch_20
                0x0000000000000001                ASSERT (((_vector_spacing == 0x0) || (SIZEOF (.vector_20) <= (_vector_spacing << 0x5))), function at exception vector 20 too large)

.vector_21      0x000000009d00f4a0        0x8
 *(.vector_21)
 .vector_21     0x000000009d00f4a0        0x8 c:/program files/microchip/xc32/v4.10/bin/bin/../../lib/gcc/pic32mx/8.3.1/../../../../pic32mx/lib\libpic32.a(vector21.o)
                0x000000009d00f4a0                __vector_dispatch_21
                0x0000000000000001                ASSERT (((_vector_spacing == 0x0) || (SIZEOF (.vector_21) <= (_vector_spacing << 0x5))), function at exception vector 21 too large)

.vector_22      0x000000009d00f4c0        0x8
 *(.vector_22)
 .vector_22     0x000000009d00f4c0        0x8 c:/program files/microchip/xc32/v4.10/bin/bin/../../lib/gcc/pic32mx/8.3.1/../../../../pic32mx/lib\libpic32.a(vector22.o)
                0x000000009d00f4c0                __vector_dispatch_22
                0x0000000000000001                ASSERT (((_vector_spacing == 0x0) || (SIZEOF (.vector_22) <= (_vector_spacing << 0x5))), function at exception vector 22 too large)

.vector_23      0x000000009d00f4e0        0x8
 *(.vector_23)
 .vector_23     0x000000009d00f4e0        0x8 c:/program files/microchip/xc32/v4.10/bin/bin/../../lib/gcc/pic32mx/8.3.1/../../../../pic32mx/lib\libpic32.a(vector23.o)
                0x000000009d00f4e0                __vector_dispatch_23
                0x0000000000000001                ASSERT (((_vector_spacing == 0x0) || (SIZEOF (.vector_23) <= (_vector_spacing << 0x5))), function at exception vector 23 too large)

.vector_24      0x000000009d00f500        0x8
 *(.vector_24)
 .vector_24     0x000000009d00f500        0x8 c:/program files/microchip/xc32/v4.10/bin/bin/../../lib/gcc/pic32mx/8.3.1/../../../../pic32mx/lib\libpic32.a(vector24.o)
                0x000000009d00f500                __vector_dispatch_24
                0x0000000000000001                ASSERT (((_vector_spacing == 0x0) || (SIZEOF (.vector_24) <= (_vector_spacing << 0x5))), function at exception vector 24 too large)

.vector_25      0x000000009d00f520        0x8
 *(.vector_25)
 .vector_25     0x000000009d00f520        0x8 c:/program files/microchip/xc32/v4.10/bin/bin/../../lib/gcc/pic32mx/8.3.1/../../../../pic32mx/lib\libpic32.a(vector25.o)
                0x000000009d00f520                __vector_dispatch_25
                0x0000000000000001                ASSERT (((_vector_spacing == 0x0) || (SIZEOF (.vector_25) <= (_vector_spacing << 0x5))), function at exception vector 25 too large)

.vector_26      0x000000009d00f540        0x8
 *(.vector_26)
 .vector_26     0x000000009d00f540        0x8 c:/program files/microchip/xc32/v4.10/bin/bin/../../lib/gcc/pic32mx/8.3.1/../../../../pic32mx/lib\libpic32.a(vector26.o)
                0x000000009d00f540                __vector_dispatch_26
                0x0000000000000001                ASSERT (((_vector_spacing == 0x0) || (SIZEOF (.vector_26) <= (_vector_spacing << 0x5))), function at exception vector 26 too large)

.vector_27      0x000000009d00f560        0x8
 *(.vector_27)
 .vector_27     0x000000009d00f560        0x8 c:/program files/microchip/xc32/v4.10/bin/bin/../../lib/gcc/pic32mx/8.3.1/../../../../pic32mx/lib\libpic32.a(vector27.o)
                0x000000009d00f560                __vector_dispatch_27
                0x0000000000000001                ASSERT (((_vector_spacing == 0x0) || (SIZEOF (.vector_27) <= (_vector_spacing << 0x5))), function at exception vector 27 too large)

.vector_28      0x000000009d00f580        0x8
 *(.vector_28)
 .vector_28     0x000000009d00f580        0x8 c:/program files/microchip/xc32/v4.10/bin/bin/../../lib/gcc/pic32mx/8.3.1/../../../../pic32mx/lib\libpic32.a(vector28.o)
                0x000000009d00f580                __vector_dispatch_28
                0x0000000000000001                ASSERT (((_vector_spacing == 0x0) || (SIZEOF (.vector_28) <= (_vector_spacing << 0x5))), function at exception vector 28 too large)

.vector_29      0x000000009d00f5a0        0x8
 *(.vector_29)
 .vector_29     0x000000009d00f5a0        0x8 c:/program files/microchip/xc32/v4.10/bin/bin/../../lib/gcc/pic32mx/8.3.1/../../../../pic32mx/lib\libpic32.a(vector29.o)
                0x000000009d00f5a0                __vector_dispatch_29
                0x0000000000000001                ASSERT (((_vector_spacing == 0x0) || (SIZEOF (.vector_29) <= (_vector_spacing << 0x5))), function at exception vector 29 too large)

.vector_30      0x000000009d00f5c0        0x8
 *(.vector_30)
 .vector_30     0x000000009d00f5c0        0x8 c:/program files/microchip/xc32/v4.10/bin/bin/../../lib/gcc/pic32mx/8.3.1/../../../../pic32mx/lib\libpic32.a(vector30.o)
                0x000000009d00f5c0                __vector_dispatch_30
                0x0000000000000001                ASSERT (((_vector_spacing == 0x0) || (SIZEOF (.vector_30) <= (_vector_spacing << 0x5))), function at exception vector 30 too large)

.vector_31      0x000000009d00f5e0        0x8
 *(.vector_31)
 .vector_31     0x000000009d00f5e0        0x8 c:/program files/microchip/xc32/v4.10/bin/bin/../../lib/gcc/pic32mx/8.3.1/../../../../pic32mx/lib\libpic32.a(vector31.o)
                0x000000009d00f5e0                __vector_dispatch_31
                0x0000000000000001                ASSERT (((_vector_spacing == 0x0) || (SIZEOF (.vector_31) <= (_vector_spacing << 0x5))), function at exception vector 31 too large)

.vector_32      0x000000009d00f600        0x8
 *(.vector_32)
 .vector_32     0x000000009d00f600        0x8 c:/program files/microchip/xc32/v4.10/bin/bin/../../lib/gcc/pic32mx/8.3.1/../../../../pic32mx/lib\libpic32.a(vector32.o)
                0x000000009d00f600                __vector_dispatch_32
                0x0000000000000001                ASSERT (((_vector_spacing == 0x0) || (SIZEOF (.vector_32) <= (_vector_spacing << 0x5))), function at exception vector 32 too large)

.vector_33      0x000000009d00f620        0x8
 *(.vector_33)
 .vector_33     0x000000009d00f620        0x8 c:/program files/microchip/xc32/v4.10/bin/bin/../../lib/gcc/pic32mx/8.3.1/../../../../pic32mx/lib\libpic32.a(vector33.o)
                0x000000009d00f620                __vector_dispatch_33
                0x0000000000000001                ASSERT (((_vector_spacing == 0x0) || (SIZEOF (.vector_33) <= (_vector_spacing << 0x5))), function at exception vector 33 too large)

.vector_34      0x000000009d00f640        0x8
 *(.vector_34)
 .vector_34     0x000000009d00f640        0x8 c:/program files/microchip/xc32/v4.10/bin/bin/../../lib/gcc/pic32mx/8.3.1/../../../../pic32mx/lib\libpic32.a(vector34.o)
                0x000000009d00f640                __vector_dispatch_34
                0x0000000000000001                ASSERT (((_vector_spacing == 0x0) || (SIZEOF (.vector_34) <= (_vector_spacing << 0x5))), function at exception vector 34 too large)

.vector_35      0x000000009d00f660        0x8
 *(.vector_35)
 .vector_35     0x000000009d00f660        0x8 c:/program files/microchip/xc32/v4.10/bin/bin/../../lib/gcc/pic32mx/8.3.1/../../../../pic32mx/lib\libpic32.a(vector35.o)
                0x000000009d00f660                __vector_dispatch_35
                0x0000000000000001                ASSERT (((_vector_spacing == 0x0) || (SIZEOF (.vector_35) <= (_vector_spacing << 0x5))), function at exception vector 35 too large)

.vector_36      0x000000009d00f680        0x8
 *(.vector_36)
 .vector_36     0x000000009d00f680        0x8 c:/program files/microchip/xc32/v4.10/bin/bin/../../lib/gcc/pic32mx/8.3.1/../../../../pic32mx/lib\libpic32.a(vector36.o)
                0x000000009d00f680                __vector_dispatch_36
                0x0000000000000001                ASSERT (((_vector_spacing == 0x0) || (SIZEOF (.vector_36) <= (_vector_spacing << 0x5))), function at exception vector 36 too large)

.vector_37      0x000000009d00f6a0        0x8
 *(.vector_37)
 .vector_37     0x000000009d00f6a0        0x8 c:/program files/microchip/xc32/v4.10/bin/bin/../../lib/gcc/pic32mx/8.3.1/../../../../pic32mx/lib\libpic32.a(vector37.o)
                0x000000009d00f6a0                __vector_dispatch_37
                0x0000000000000001                ASSERT (((_vector_spacing == 0x0) || (SIZEOF (.vector_37) <= (_vector_spacing << 0x5))), function at exception vector 37 too large)

.vector_38      0x000000009d00f6c0        0x8
 *(.vector_38)
 .vector_38     0x000000009d00f6c0        0x8 c:/program files/microchip/xc32/v4.10/bin/bin/../../lib/gcc/pic32mx/8.3.1/../../../../pic32mx/lib\libpic32.a(vector38.o)
                0x000000009d00f6c0                __vector_dispatch_38
                0x0000000000000001                ASSERT (((_vector_spacing == 0x0) || (SIZEOF (.vector_38) <= (_vector_spacing << 0x5))), function at exception vector 38 too large)

.vector_39      0x000000009d00f6e0        0x8
 *(.vector_39)
 .vector_39     0x000000009d00f6e0        0x8 c:/program files/microchip/xc32/v4.10/bin/bin/../../lib/gcc/pic32mx/8.3.1/../../../../pic32mx/lib\libpic32.a(vector39.o)
                0x000000009d00f6e0                __vector_dispatch_39
                0x0000000000000001                ASSERT (((_vector_spacing == 0x0) || (SIZEOF (.vector_39) <= (_vector_spacing << 0x5))), function at exception vector 39 too large)

.vector_40      0x000000009d00f700        0x8
 *(.vector_40)
 .vector_40     0x000000009d00f700        0x8 c:/program files/microchip/xc32/v4.10/bin/bin/../../lib/gcc/pic32mx/8.3.1/../../../../pic32mx/lib\libpic32.a(vector40.o)
                0x000000009d00f700                __vector_dispatch_40
                0x0000000000000001                ASSERT (((_vector_spacing == 0x0) || (SIZEOF (.vector_40) <= (_vector_spacing << 0x5))), function at exception vector 40 too large)

.vector_41      0x000000009d00f720        0x8
 *(.vector_41)
 .vector_41     0x000000009d00f720        0x8 c:/program files/microchip/xc32/v4.10/bin/bin/../../lib/gcc/pic32mx/8.3.1/../../../../pic32mx/lib\libpic32.a(vector41.o)
                0x000000009d00f720                __vector_dispatch_41
                0x0000000000000001                ASSERT (((_vector_spacing == 0x0) || (SIZEOF (.vector_41) <= (_vector_spacing << 0x5))), function at exception vector 41 too large)

.vector_42      0x000000009d00f740        0x8
 *(.vector_42)
 .vector_42     0x000000009d00f740        0x8 c:/program files/microchip/xc32/v4.10/bin/bin/../../lib/gcc/pic32mx/8.3.1/../../../../pic32mx/lib\libpic32.a(vector42.o)
                0x000000009d00f740                __vector_dispatch_42
                0x0000000000000001                ASSERT (((_vector_spacing == 0x0) || (SIZEOF (.vector_42) <= (_vector_spacing << 0x5))), function at exception vector 42 too large)

.vector_43      0x000000009d00f760        0x8
 *(.vector_43)
 .vector_43     0x000000009d00f760        0x8 c:/program files/microchip/xc32/v4.10/bin/bin/../../lib/gcc/pic32mx/8.3.1/../../../../pic32mx/lib\libpic32.a(vector43.o)
                0x000000009d00f760                __vector_dispatch_43
                0x0000000000000001                ASSERT (((_vector_spacing == 0x0) || (SIZEOF (.vector_43) <= (_vector_spacing << 0x5))), function at exception vector 43 too large)

.vector_44      0x000000009d00f780        0x8
 *(.vector_44)
 .vector_44     0x000000009d00f780        0x8 c:/program files/microchip/xc32/v4.10/bin/bin/../../lib/gcc/pic32mx/8.3.1/../../../../pic32mx/lib\libpic32.a(vector44.o)
                0x000000009d00f780                __vector_dispatch_44
                0x0000000000000001                ASSERT (((_vector_spacing == 0x0) || (SIZEOF (.vector_44) <= (_vector_spacing << 0x5))), function at exception vector 44 too large)

.vector_45      0x000000009d00f7a0        0x8
 *(.vector_45)
 .vector_45     0x000000009d00f7a0        0x8 c:/program files/microchip/xc32/v4.10/bin/bin/../../lib/gcc/pic32mx/8.3.1/../../../../pic32mx/lib\libpic32.a(vector45.o)
                0x000000009d00f7a0                __vector_dispatch_45
                0x0000000000000001                ASSERT (((_vector_spacing == 0x0) || (SIZEOF (.vector_45) <= (_vector_spacing << 0x5))), function at exception vector 45 too large)

.vector_46      0x000000009d00f7c0        0x8
 *(.vector_46)
 .vector_46     0x000000009d00f7c0        0x8 c:/program files/microchip/xc32/v4.10/bin/bin/../../lib/gcc/pic32mx/8.3.1/../../../../pic32mx/lib\libpic32.a(vector46.o)
                0x000000009d00f7c0                __vector_dispatch_46
                0x0000000000000001                ASSERT (((_vector_spacing == 0x0) || (SIZEOF (.vector_46) <= (_vector_spacing << 0x5))), function at exception vector 46 too large)

.vector_47      0x000000009d00f7e0        0x8
 *(.vector_47)
 .vector_47     0x000000009d00f7e0        0x8 c:/program files/microchip/xc32/v4.10/bin/bin/../../lib/gcc/pic32mx/8.3.1/../../../../pic32mx/lib\libpic32.a(vector47.o)
                0x000000009d00f7e0                __vector_dispatch_47
                0x0000000000000001                ASSERT (((_vector_spacing == 0x0) || (SIZEOF (.vector_47) <= (_vector_spacing << 0x5))), function at exception vector 47 too large)

.vector_48      0x000000009d00f800        0x8
 *(.vector_48)
 .vector_48     0x000000009d00f800        0x8 c:/program files/microchip/xc32/v4.10/bin/bin/../../lib/gcc/pic32mx/8.3.1/../../../../pic32mx/lib\libpic32.a(vector48.o)
                0x000000009d00f800                __vector_dispatch_48
                0x0000000000000001                ASSERT (((_vector_spacing == 0x0) || (SIZEOF (.vector_48) <= (_vector_spacing << 0x5))), function at exception vector 48 too large)

.vector_49      0x000000009d00f820        0x8
 *(.vector_49)
 .vector_49     0x000000009d00f820        0x8 c:/program files/microchip/xc32/v4.10/bin/bin/../../lib/gcc/pic32mx/8.3.1/../../../../pic32mx/lib\libpic32.a(vector49.o)
                0x000000009d00f820                __vector_dispatch_49
                0x0000000000000001                ASSERT (((_vector_spacing == 0x0) || (SIZEOF (.vector_49) <= (_vector_spacing << 0x5))), function at exception vector 49 too large)

.vector_50      0x000000009d00f840        0x0
 *(.vector_50)
                0x0000000000000001                ASSERT (((_vector_spacing == 0x0) || (SIZEOF (.vector_50) <= (_vector_spacing << 0x5))), function at exception vector 50 too large)

.vector_51      0x000000009d00f860        0x0
 *(.vector_51)
                0x0000000000000001                ASSERT (((_vector_spacing == 0x0) || (SIZEOF (.vector_51) <= (_vector_spacing << 0x5))), function at exception vector 51 too large)

.vector_52      0x000000009d00f880        0x0
 *(.vector_52)
                0x0000000000000001                ASSERT (((_vector_spacing == 0x0) || (SIZEOF (.vector_52) <= (_vector_spacing << 0x5))), function at exception vector 52 too large)

.vector_53      0x000000009d00f8a0        0x0
 *(.vector_53)
                0x0000000000000001                ASSERT (((_vector_spacing == 0x0) || (SIZEOF (.vector_53) <= (_vector_spacing << 0x5))), function at exception vector 53 too large)

.vector_54      0x000000009d00f8c0        0x0
 *(.vector_54)
                0x0000000000000001                ASSERT (((_vector_spacing == 0x0) || (SIZEOF (.vector_54) <= (_vector_spacing << 0x5))), function at exception vector 54 too large)

.vector_55      0x000000009d00f8e0        0x0
 *(.vector_55)
                0x0000000000000001                ASSERT (((_vector_spacing == 0x0) || (SIZEOF (.vector_55) <= (_vector_spacing << 0x5))), function at exception vector 55 too large)

.vector_56      0x000000009d00f900        0x0
 *(.vector_56)
                0x0000000000000001                ASSERT (((_vector_spacing == 0x0) || (SIZEOF (.vector_56) <= (_vector_spacing << 0x5))), function at exception vector 56 too large)

.vector_57      0x000000009d00f920        0x0
 *(.vector_57)
                0x0000000000000001                ASSERT (((_vector_spacing == 0x0) || (SIZEOF (.vector_57) <= (_vector_spacing << 0x5))), function at exception vector 57 too large)

.vector_58      0x000000009d00f940        0x0
 *(.vector_58)
                0x0000000000000001                ASSERT (((_vector_spacing == 0x0) || (SIZEOF (.vector_58) <= (_vector_spacing << 0x5))), function at exception vector 58 too large)

.vector_59      0x000000009d00f960        0x0
 *(.vector_59)
                0x0000000000000001                ASSERT (((_vector_spacing == 0x0) || (SIZEOF (.vector_59) <= (_vector_spacing << 0x5))), function at exception vector 59 too large)

.vector_60      0x000000009d00f980        0x0
 *(.vector_60)
                0x0000000000000001                ASSERT (((_vector_spacing == 0x0) || (SIZEOF (.vector_60) <= (_vector_spacing << 0x5))), function at exception vector 60 too large)

.vector_61      0x000000009d00f9a0        0x0
 *(.vector_61)
                0x0000000000000001                ASSERT (((_vector_spacing == 0x0) || (SIZEOF (.vector_61) <= (_vector_spacing << 0x5))), function at exception vector 61 too large)

.vector_62      0x000000009d00f9c0        0x0
 *(.vector_62)
                0x0000000000000001                ASSERT (((_vector_spacing == 0x0) || (SIZEOF (.vector_62) <= (_vector_spacing << 0x5))), function at exception vector 62 too large)

.vector_63      0x000000009d00f9e0        0x0
 *(.vector_63)
                0x0000000000000001                ASSERT (((_vector_spacing == 0x0) || (SIZEOF (.vector_63) <= (_vector_spacing << 0x5))), function at exception vector 63 too large)

.startup
 *(.startup)

.text           0x000000009d000000        0x0
 *(.stub .gnu.linkonce.t.*)
 *(.text.*personality*)
 *(.mips16.fn.*)
 *(.mips16.call.*)
 *(.gnu.warning)
                0x000000009d000000                . = ALIGN (0x4)

.init           0x000000009d000000        0x0
 *crti.o(.init)
 *crtbegin.o(.init)
 *(EXCLUDE_FILE(*crtn.o *crtend?.o *crtend.o) .init)
 *crtend.o(.init)
 *crtn.o(.init)
                0x000000009d000000                . = ALIGN (0x4)

.fini           0x000000009d000000        0x0
 *(.fini)
                0x000000009d000000                . = ALIGN (0x4)

.preinit_array  0x000000009d000000        0x0
                [!provide]                        PROVIDE (__preinit_array_start = .)
 *(.preinit_array)
                [!provide]                        PROVIDE (__preinit_array_end = .)
                0x000000009d000000                . = ALIGN (0x4)

.init_array     0x000000009d000000        0x0
                [!provide]                        PROVIDE (__init_array_start = .)
 *(SORT_BY_NAME(.init_array.*))
 *(.init_array)
                [!provide]                        PROVIDE (__init_array_end = .)
                0x000000009d000000                . = ALIGN (0x4)

.fini_array     0x000000009d000000        0x0
                [!provide]                        PROVIDE (__fini_array_start = .)
 *(SORT_BY_NAME(.fini_array.*))
 *(.fini_array)
                [!provide]                        PROVIDE (__fini_array_end = .)
                0x000000009d000000                . = ALIGN (0x4)

.ctors          0x000000009d000000        0x0
 *crtbegin.o(.ctors)
 *crtbegin?.o(.ctors)
 *(EXCLUDE_FILE(*crtend?.o *crtend.o) .ctors)
 *(SORT_BY_NAME(.ctors.*))
 *(.ctors)
                0x000000009d000000                . = ALIGN (0x4)

.dtors          0x000000009d000000        0x0
 *crtbegin.o(.dtors)
 *crtbegin?.o(.dtors)
 *(EXCLUDE_FILE(*crtend?.o *crtend.o) .dtors)
 *(SORT_BY_NAME(.dtors.*))
 *(.dtors)
                0x000000009d000000                . = ALIGN (0x4)

.rodata         0x000000009d000000        0x0
 *(.gnu.linkonce.r.*)
 *(.rodata1)
                0x000000009d000000                . = ALIGN (0x4)

.sdata2         0x000000009d000000        0x0
 *(.sdata2 .sdata2.* .gnu.linkonce.s2.*)
                0x000000009d000000                . = ALIGN (0x4)

.sbss2          0x000000009d000000        0x0
 *(.sbss2 .sbss2.* .gnu.linkonce.sb2.*)
                0x000000009d000000                . = ALIGN (0x4)

.eh_frame_hdr
 *(.eh_frame_hdr)
                0x000000009d000000                . = ALIGN (0x4)

.eh_frame
 *(.eh_frame)
                0x000000009d000000                . = ALIGN (0x4)

.gcc_except_table
 *(.gcc_except_table .gcc_except_table.*)
                0x000000009d000000                . = ALIGN (0x4)

.dbg_data       0x00000000a0000200        0x0
                0x00000000a0000200                . = (. + DEFINED (_DEBUGGER)?0x200:0x0)

.jcr            0x00000000a0000200        0x0
 *(.jcr)
                0x00000000a0000200                . = ALIGN (0x4)

.eh_frame
 *(.eh_frame)
                0x00000000a0000200                . = ALIGN (0x4)

.gcc_except_table
 *(.gcc_except_table .gcc_except_table.*)
                0x00000000a0000200                . = ALIGN (0x4)

.persist        0x00000000a0000200        0x0
                0x00000000a0000200                _persist_begin = .
 *(.persist .persist.*)
                0x00000000a0000200                . = ALIGN (0x4)
                0x00000000a0000200                _persist_end = .

.data           0x00000000a0000200        0x0
 *(.gnu.linkonce.d.*)
 *(.data1)
                0x00000000a0000200                . = ALIGN (0x4)
                0x00000000a0000200                . = .
                0x00000000a00081f0                _gp = (ALIGN (0x10) + 0x7ff0)

.got            0x00000000a0000200        0x0
 *(.got.plt)
 *(.got)
                0x00000000a0000200                . = ALIGN (0x4)

.sdata          0x00000000a0000200        0x4
                0x00000000a0000200                _sdata_begin = .
 *(.sdata .sdata.* .gnu.linkonce.s.*)
 .sdata         0x00000000a0000200        0x1 build/default/debug/PCA9685.o
 .sdata         0x00000000a0000201        0x1 build/default/debug/i2c_display.o
                0x00000000a0000201                BackLight_State
                0x00000000a0000204                . = ALIGN (0x4)
 *fill*         0x00000000a0000202        0x2 
                0x00000000a0000204                _sdata_end = .

.lit8
 *(.lit8)

.lit4
 *(.lit4)
                0x00000000a0000204                . = ALIGN (0x4)
                0x00000000a0000204                _data_end = .
                0x00000000a0000204                _bss_begin = .

.sbss           0x00000000a0000204       0x28
                0x00000000a0000204                _sbss_begin = .
 *(.dynsbss)
 *(.sbss .sbss.* .gnu.linkonce.sb.*)
 .sbss          0x00000000a0000204        0x4 build/default/debug/config.o
                0x00000000a0000204                __coretimer
 .sbss          0x00000000a0000208        0xb build/default/debug/PCA9685.o
 *fill*         0x00000000a0000213        0x1 
 .sbss          0x00000000a0000214        0x4 build/default/debug/timer.o
 .sbss          0x00000000a0000218        0xf build/default/debug/peripherals.o
                0x00000000a0000218                pwmTimerLastVal
                0x00000000a000021c                rotaryDetectedMove
                0x00000000a0000220                rotA
                0x00000000a0000221                rotB
                0x00000000a0000222                rotConfirmationsCW
                0x00000000a0000224                rotConfirmationsCCW
                0x00000000a0000226                movementDetected
 .sbss          0x00000000a0000227        0x2 build/default/debug/i2c_display.o
                0x00000000a0000227                RS
                0x00000000a0000228                i2c_add
 *(.scommon)
                0x00000000a0000229                _sbss_end = .
                0x00000000a000022c                . = ALIGN (0x4)
 *fill*         0x00000000a0000229        0x3 

.bss            0x00000000a000022c        0x0
 *(.dynbss)
 *(COMMON)
                0x00000000a000022c                . = ALIGN ((. != 0x0)?0x4:0x1)
                0x00000000a000022c                . = ALIGN (0x4)
                0x00000000a000022c                _end = .
                0x00000000a000022c                _bss_end = .
                0x0000000000002000                _bmxdudba_address = LENGTH (kseg1_data_mem)
                0x0000000000002000                _bmxdupba_address = LENGTH (kseg1_data_mem)

/DISCARD/
 *(.pdr)
 *(.rel.dyn)
 *(.note.GNU-stack)
 *(.note.GNU-stack)
 *(.gnu_debuglink)
 *(.gnu.lto_*)
 *(.discard)

.gptab.sdata
 *(.gptab.data)
 *(.gptab.sdata)

.gptab.sbss
 *(.gptab.bss)
 *(.gptab.sbss)

.mdebug.abi32   0x0000000000000000        0x0
 *(.mdebug.abi32)
 .mdebug.abi32  0x0000000000000000        0x0 c:/program files/microchip/xc32/v4.10/bin/bin/../../lib/gcc/pic32mx/8.3.1/../../../../pic32mx/lib\software-debug-break.o
 .mdebug.abi32  0x0000000000000000        0x0 build/default/debug/main.o
 .mdebug.abi32  0x0000000000000000        0x0 build/default/debug/config.o
 .mdebug.abi32  0x0000000000000000        0x0 build/default/debug/PCA9685.o
 .mdebug.abi32  0x0000000000000000        0x0 build/default/debug/i2c.o
 .mdebug.abi32  0x0000000000000000        0x0 build/default/debug/hwinterface.o
 .mdebug.abi32  0x0000000000000000        0x0 build/default/debug/timer.o
 .mdebug.abi32  0x0000000000000000        0x0 build/default/debug/peripherals.o
 .mdebug.abi32  0x0000000000000000        0x0 build/default/debug/i2c_display.o
 .mdebug.abi32  0x0000000000000000        0x0 build/default/debug/ui.o
 .mdebug.abi32  0x0000000000000000        0x0 build/default/debug/M24256E.o
 .mdebug.abi32  0x0000000000000000        0x0 build/default/debug/manager.o
 .mdebug.abi32  0x0000000000000000        0x0 c:/program files/microchip/xc32/v4.10/bin/bin/../../lib/gcc/pic32mx/8.3.1\libgcc.a(floatunsidf.o)
 .mdebug.abi32  0x0000000000000000        0x0 c:/program files/microchip/xc32/v4.10/bin/bin/../../lib/gcc/pic32mx/8.3.1/../../../../pic32mx/lib\libpic32.a(default-bootstrap-exception-handler.o)
 .mdebug.abi32  0x0000000000000000        0x0 c:/program files/microchip/xc32/v4.10/bin/bin/../../lib/gcc/pic32mx/8.3.1/../../../../pic32mx/lib\libpic32.a(default-on-reset.o)
 .mdebug.abi32  0x0000000000000000        0x0 c:/program files/microchip/xc32/v4.10/bin/bin/../../lib/gcc/pic32mx/8.3.1/../../../../pic32mx/lib\libpic32.a(default-on-bootstrap.o)
 .mdebug.abi32  0x0000000000000000        0x0 c:/program files/microchip/xc32/v4.10/bin/bin/../../lib/gcc/pic32mx/8.3.1/../../../../pic32mx/lib\libpic32.a(default-general-exception-handler.o)
 .mdebug.abi32  0x0000000000000000        0x0 c:/program files/microchip/xc32/v4.10/bin/bin/../../lib/gcc/pic32mx/8.3.1/../../../../pic32mx/lib\libpic32.a(defaultinterrupt.o)

.mdebug.abiN32
 *(.mdebug.abiN32)

.mdebug.abi64
 *(.mdebug.abi64)

.mdebug.abiO64
 *(.mdebug.abiO64)

.mdebug.eabi32
 *(.mdebug.eabi32)

.mdebug.eabi64
 *(.mdebug.eabi64)

.gcc_compiled_long32
 *(.gcc_compiled_long32)

.gcc_compiled_long64
 *(.gcc_compiled_long64)

.stab
 *(.stab)

.stabstr
 *(.stabstr)

.stab.excl
 *(.stab.excl)

.stab.exclstr
 *(.stab.exclstr)

.stab.index
 *(.stab.index)

.stab.indexstr
 *(.stab.indexstr)

.comment        0x0000000000000000       0x2b
 *(.comment)
 .comment       0x0000000000000000       0x2b c:/program files/microchip/xc32/v4.10/bin/bin/../../lib/gcc/pic32mx/8.3.1/../../../../pic32mx/lib\software-debug-break.o
                                         0x2c (size before relaxing)
 .comment       0x000000000000002b       0x2c build/default/debug/main.o
 .comment       0x000000000000002b       0x2c build/default/debug/config.o
 .comment       0x000000000000002b       0x2c build/default/debug/PCA9685.o
 .comment       0x000000000000002b       0x2c build/default/debug/i2c.o
 .comment       0x000000000000002b       0x2c build/default/debug/hwinterface.o
 .comment       0x000000000000002b       0x2c build/default/debug/timer.o
 .comment       0x000000000000002b       0x2c build/default/debug/peripherals.o
 .comment       0x000000000000002b       0x2c build/default/debug/i2c_display.o
 .comment       0x000000000000002b       0x2c build/default/debug/ui.o
 .comment       0x000000000000002b       0x2c build/default/debug/M24256E.o
 .comment       0x000000000000002b       0x2c build/default/debug/manager.o
 .comment       0x000000000000002b       0x2c c:/program files/microchip/xc32/v4.10/bin/bin/../../lib/gcc/pic32mx/8.3.1\libgcc.a(floatunsidf.o)
 .comment       0x000000000000002b       0x2c c:/program files/microchip/xc32/v4.10/bin/bin/../../lib/gcc/pic32mx/8.3.1/../../../../pic32mx/lib\libpic32.a(default-bootstrap-exception-handler.o)
 .comment       0x000000000000002b       0x2c c:/program files/microchip/xc32/v4.10/bin/bin/../../lib/gcc/pic32mx/8.3.1/../../../../pic32mx/lib\libpic32.a(default-on-reset.o)
 .comment       0x000000000000002b       0x2c c:/program files/microchip/xc32/v4.10/bin/bin/../../lib/gcc/pic32mx/8.3.1/../../../../pic32mx/lib\libpic32.a(default-on-bootstrap.o)
 .comment       0x000000000000002b       0x2c c:/program files/microchip/xc32/v4.10/bin/bin/../../lib/gcc/pic32mx/8.3.1/../../../../pic32mx/lib\libpic32.a(default-general-exception-handler.o)
 .comment       0x000000000000002b       0x2c c:/program files/microchip/xc32/v4.10/bin/bin/../../lib/gcc/pic32mx/8.3.1/../../../../pic32mx/lib\libpic32.a(defaultinterrupt.o)

.debug
 *.elf(.debug)
 *(.debug)

.line
 *.elf(.line)
 *(.line)

.debug_srcinfo
 *.elf(.debug_srcinfo)
 *(.debug_srcinfo)

.debug_sfnames
 *.elf(.debug_sfnames)
 *(.debug_sfnames)

.debug_aranges  0x0000000000000000      0x280
 *.elf(.debug_aranges)
 *(.debug_aranges)
 .debug_aranges
                0x0000000000000000       0x20 c:/program files/microchip/xc32/v4.10/bin/bin/../../lib/gcc/pic32mx/8.3.1/../../../../pic32mx/lib\software-debug-break.o
 .debug_aranges
                0x0000000000000020       0x20 build/default/debug/main.o
 .debug_aranges
                0x0000000000000040       0x20 build/default/debug/config.o
 .debug_aranges
                0x0000000000000060       0x20 build/default/debug/PCA9685.o
 .debug_aranges
                0x0000000000000080       0x20 build/default/debug/i2c.o
 .debug_aranges
                0x00000000000000a0       0x20 build/default/debug/hwinterface.o
 .debug_aranges
                0x00000000000000c0       0x20 build/default/debug/timer.o
 .debug_aranges
                0x00000000000000e0       0x20 build/default/debug/peripherals.o
 .debug_aranges
                0x0000000000000100       0x20 build/default/debug/i2c_display.o
 .debug_aranges
                0x0000000000000120       0x20 build/default/debug/ui.o
 .debug_aranges
                0x0000000000000140       0x20 build/default/debug/M24256E.o
 .debug_aranges
                0x0000000000000160       0x20 build/default/debug/manager.o
 .debug_aranges
                0x0000000000000180       0x40 C:\Users\orras\AppData\Local\Temp\ccAUTy9u.o
 .debug_aranges
                0x00000000000001c0       0x20 c:/program files/microchip/xc32/v4.10/bin/bin/../../lib/gcc/pic32mx/8.3.1\libgcc.a(floatunsidf.o)
 .debug_aranges
                0x00000000000001e0       0x20 c:/program files/microchip/xc32/v4.10/bin/bin/../../lib/gcc/pic32mx/8.3.1/../../../../pic32mx/lib\libpic32.a(default-bootstrap-exception-handler.o)
 .debug_aranges
                0x0000000000000200       0x20 c:/program files/microchip/xc32/v4.10/bin/bin/../../lib/gcc/pic32mx/8.3.1/../../../../pic32mx/lib\libpic32.a(default-on-reset.o)
 .debug_aranges
                0x0000000000000220       0x20 c:/program files/microchip/xc32/v4.10/bin/bin/../../lib/gcc/pic32mx/8.3.1/../../../../pic32mx/lib\libpic32.a(default-on-bootstrap.o)
 .debug_aranges
                0x0000000000000240       0x20 c:/program files/microchip/xc32/v4.10/bin/bin/../../lib/gcc/pic32mx/8.3.1/../../../../pic32mx/lib\libpic32.a(default-general-exception-handler.o)
 .debug_aranges
                0x0000000000000260       0x20 c:/program files/microchip/xc32/v4.10/bin/bin/../../lib/gcc/pic32mx/8.3.1/../../../../pic32mx/lib\libpic32.a(defaultinterrupt.o)

.debug_pubnames
 *.elf(.debug_pubnames)
 *(.debug_pubnames)

.debug_info     0x0000000000000000     0x3143
 *.elf(.debug_info .gnu.linkonce.wi.*)
 *(.debug_info .gnu.linkonce.wi.*)
 .debug_info    0x0000000000000000       0x3f c:/program files/microchip/xc32/v4.10/bin/bin/../../lib/gcc/pic32mx/8.3.1/../../../../pic32mx/lib\software-debug-break.o
 .debug_info    0x000000000000003f       0xa1 build/default/debug/main.o
 .debug_info    0x00000000000000e0      0x563 build/default/debug/config.o
 .debug_info    0x0000000000000643      0x4a2 build/default/debug/PCA9685.o
 .debug_info    0x0000000000000ae5      0x7bf build/default/debug/i2c.o
 .debug_info    0x00000000000012a4      0x41a build/default/debug/hwinterface.o
 .debug_info    0x00000000000016be      0xb19 build/default/debug/timer.o
 .debug_info    0x00000000000021d7      0x753 build/default/debug/peripherals.o
 .debug_info    0x000000000000292a      0x29f build/default/debug/i2c_display.o
 .debug_info    0x0000000000002bc9      0x168 build/default/debug/ui.o
 .debug_info    0x0000000000002d31       0x8a build/default/debug/M24256E.o
 .debug_info    0x0000000000002dbb      0x177 build/default/debug/manager.o
 .debug_info    0x0000000000002f32       0x22 C:\Users\orras\AppData\Local\Temp\ccAUTy9u.o
 .debug_info    0x0000000000002f54       0xaf c:/program files/microchip/xc32/v4.10/bin/bin/../../lib/gcc/pic32mx/8.3.1\libgcc.a(floatunsidf.o)
 .debug_info    0x0000000000003003       0x41 c:/program files/microchip/xc32/v4.10/bin/bin/../../lib/gcc/pic32mx/8.3.1/../../../../pic32mx/lib\libpic32.a(default-bootstrap-exception-handler.o)
 .debug_info    0x0000000000003044       0x3f c:/program files/microchip/xc32/v4.10/bin/bin/../../lib/gcc/pic32mx/8.3.1/../../../../pic32mx/lib\libpic32.a(default-on-reset.o)
 .debug_info    0x0000000000003083       0x3f c:/program files/microchip/xc32/v4.10/bin/bin/../../lib/gcc/pic32mx/8.3.1/../../../../pic32mx/lib\libpic32.a(default-on-bootstrap.o)
 .debug_info    0x00000000000030c2       0x41 c:/program files/microchip/xc32/v4.10/bin/bin/../../lib/gcc/pic32mx/8.3.1/../../../../pic32mx/lib\libpic32.a(default-general-exception-handler.o)
 .debug_info    0x0000000000003103       0x40 c:/program files/microchip/xc32/v4.10/bin/bin/../../lib/gcc/pic32mx/8.3.1/../../../../pic32mx/lib\libpic32.a(defaultinterrupt.o)

.debug_abbrev   0x0000000000000000      0xd2b
 *.elf(.debug_abbrev)
 *(.debug_abbrev)
 .debug_abbrev  0x0000000000000000       0x2e c:/program files/microchip/xc32/v4.10/bin/bin/../../lib/gcc/pic32mx/8.3.1/../../../../pic32mx/lib\software-debug-break.o
 .debug_abbrev  0x000000000000002e       0x44 build/default/debug/main.o
 .debug_abbrev  0x0000000000000072      0x153 build/default/debug/config.o
 .debug_abbrev  0x00000000000001c5      0x11e build/default/debug/PCA9685.o
 .debug_abbrev  0x00000000000002e3      0x1c3 build/default/debug/i2c.o
 .debug_abbrev  0x00000000000004a6       0xc3 build/default/debug/hwinterface.o
 .debug_abbrev  0x0000000000000569      0x1d0 build/default/debug/timer.o
 .debug_abbrev  0x0000000000000739      0x179 build/default/debug/peripherals.o
 .debug_abbrev  0x00000000000008b2       0xfb build/default/debug/i2c_display.o
 .debug_abbrev  0x00000000000009ad      0x10b build/default/debug/ui.o
 .debug_abbrev  0x0000000000000ab8       0x44 build/default/debug/M24256E.o
 .debug_abbrev  0x0000000000000afc       0xb1 build/default/debug/manager.o
 .debug_abbrev  0x0000000000000bad       0x12 C:\Users\orras\AppData\Local\Temp\ccAUTy9u.o
 .debug_abbrev  0x0000000000000bbf       0x7d c:/program files/microchip/xc32/v4.10/bin/bin/../../lib/gcc/pic32mx/8.3.1\libgcc.a(floatunsidf.o)
 .debug_abbrev  0x0000000000000c3c       0x31 c:/program files/microchip/xc32/v4.10/bin/bin/../../lib/gcc/pic32mx/8.3.1/../../../../pic32mx/lib\libpic32.a(default-bootstrap-exception-handler.o)
 .debug_abbrev  0x0000000000000c6d       0x2e c:/program files/microchip/xc32/v4.10/bin/bin/../../lib/gcc/pic32mx/8.3.1/../../../../pic32mx/lib\libpic32.a(default-on-reset.o)
 .debug_abbrev  0x0000000000000c9b       0x2e c:/program files/microchip/xc32/v4.10/bin/bin/../../lib/gcc/pic32mx/8.3.1/../../../../pic32mx/lib\libpic32.a(default-on-bootstrap.o)
 .debug_abbrev  0x0000000000000cc9       0x31 c:/program files/microchip/xc32/v4.10/bin/bin/../../lib/gcc/pic32mx/8.3.1/../../../../pic32mx/lib\libpic32.a(default-general-exception-handler.o)
 .debug_abbrev  0x0000000000000cfa       0x31 c:/program files/microchip/xc32/v4.10/bin/bin/../../lib/gcc/pic32mx/8.3.1/../../../../pic32mx/lib\libpic32.a(defaultinterrupt.o)

.debug_line     0x0000000000000000     0x169f
 *.elf(.debug_line)
 *(.debug_line)
 .debug_line    0x0000000000000000       0xb3 c:/program files/microchip/xc32/v4.10/bin/bin/../../lib/gcc/pic32mx/8.3.1/../../../../pic32mx/lib\software-debug-break.o
 .debug_line    0x00000000000000b3       0x81 build/default/debug/main.o
 .debug_line    0x0000000000000134      0x18a build/default/debug/config.o
 .debug_line    0x00000000000002be      0x1e0 build/default/debug/PCA9685.o
 .debug_line    0x000000000000049e      0x288 build/default/debug/i2c.o
 .debug_line    0x0000000000000726      0x155 build/default/debug/hwinterface.o
 .debug_line    0x000000000000087b      0x24f build/default/debug/timer.o
 .debug_line    0x0000000000000aca      0x219 build/default/debug/peripherals.o
 .debug_line    0x0000000000000ce3      0x184 build/default/debug/i2c_display.o
 .debug_line    0x0000000000000e67      0x119 build/default/debug/ui.o
 .debug_line    0x0000000000000f80       0x72 build/default/debug/M24256E.o
 .debug_line    0x0000000000000ff2       0xf1 build/default/debug/manager.o
 .debug_line    0x00000000000010e3      0x147 C:\Users\orras\AppData\Local\Temp\ccAUTy9u.o
 .debug_line    0x000000000000122a       0xc0 c:/program files/microchip/xc32/v4.10/bin/bin/../../lib/gcc/pic32mx/8.3.1\libgcc.a(floatunsidf.o)
 .debug_line    0x00000000000012ea       0xcc c:/program files/microchip/xc32/v4.10/bin/bin/../../lib/gcc/pic32mx/8.3.1/../../../../pic32mx/lib\libpic32.a(default-bootstrap-exception-handler.o)
 .debug_line    0x00000000000013b6       0xa8 c:/program files/microchip/xc32/v4.10/bin/bin/../../lib/gcc/pic32mx/8.3.1/../../../../pic32mx/lib\libpic32.a(default-on-reset.o)
 .debug_line    0x000000000000145e       0xac c:/program files/microchip/xc32/v4.10/bin/bin/../../lib/gcc/pic32mx/8.3.1/../../../../pic32mx/lib\libpic32.a(default-on-bootstrap.o)
 .debug_line    0x000000000000150a       0xca c:/program files/microchip/xc32/v4.10/bin/bin/../../lib/gcc/pic32mx/8.3.1/../../../../pic32mx/lib\libpic32.a(default-general-exception-handler.o)
 .debug_line    0x00000000000015d4       0xcb c:/program files/microchip/xc32/v4.10/bin/bin/../../lib/gcc/pic32mx/8.3.1/../../../../pic32mx/lib\libpic32.a(defaultinterrupt.o)

.debug_frame    0x0000000000000000      0xa30
 *.elf(.debug_frame)
 *(.debug_frame)
 .debug_frame   0x0000000000000000       0x20 c:/program files/microchip/xc32/v4.10/bin/bin/../../lib/gcc/pic32mx/8.3.1/../../../../pic32mx/lib\software-debug-break.o
 .debug_frame   0x0000000000000020       0x50 build/default/debug/main.o
 .debug_frame   0x0000000000000070      0x100 build/default/debug/config.o
 .debug_frame   0x0000000000000170      0x150 build/default/debug/PCA9685.o
 .debug_frame   0x00000000000002c0      0x1b8 build/default/debug/i2c.o
 .debug_frame   0x0000000000000478       0x30 build/default/debug/hwinterface.o
 .debug_frame   0x00000000000004a8       0xac build/default/debug/timer.o
 .debug_frame   0x0000000000000554      0x134 build/default/debug/peripherals.o
 .debug_frame   0x0000000000000688      0x1c0 build/default/debug/i2c_display.o
 .debug_frame   0x0000000000000848       0x7c build/default/debug/ui.o
 .debug_frame   0x00000000000008c4       0x30 build/default/debug/M24256E.o
 .debug_frame   0x00000000000008f4       0x58 build/default/debug/manager.o
 .debug_frame   0x000000000000094c       0x2c c:/program files/microchip/xc32/v4.10/bin/bin/../../lib/gcc/pic32mx/8.3.1\libgcc.a(floatunsidf.o)
 .debug_frame   0x0000000000000978       0x2c c:/program files/microchip/xc32/v4.10/bin/bin/../../lib/gcc/pic32mx/8.3.1/../../../../pic32mx/lib\libpic32.a(default-bootstrap-exception-handler.o)
 .debug_frame   0x00000000000009a4       0x20 c:/program files/microchip/xc32/v4.10/bin/bin/../../lib/gcc/pic32mx/8.3.1/../../../../pic32mx/lib\libpic32.a(default-on-reset.o)
 .debug_frame   0x00000000000009c4       0x20 c:/program files/microchip/xc32/v4.10/bin/bin/../../lib/gcc/pic32mx/8.3.1/../../../../pic32mx/lib\libpic32.a(default-on-bootstrap.o)
 .debug_frame   0x00000000000009e4       0x2c c:/program files/microchip/xc32/v4.10/bin/bin/../../lib/gcc/pic32mx/8.3.1/../../../../pic32mx/lib\libpic32.a(default-general-exception-handler.o)
 .debug_frame   0x0000000000000a10       0x20 c:/program files/microchip/xc32/v4.10/bin/bin/../../lib/gcc/pic32mx/8.3.1/../../../../pic32mx/lib\libpic32.a(defaultinterrupt.o)

.debug_str      0x0000000000000000     0x4556
 *.elf(.debug_str)
 *(.debug_str)
 .debug_str     0x0000000000000000      0x369 c:/program files/microchip/xc32/v4.10/bin/bin/../../lib/gcc/pic32mx/8.3.1/../../../../pic32mx/lib\software-debug-break.o
 .debug_str     0x0000000000000369      0x2b9 build/default/debug/main.o
 .debug_str     0x0000000000000622      0x46c build/default/debug/config.o
 .debug_str     0x0000000000000a8e      0x565 build/default/debug/PCA9685.o
 .debug_str     0x0000000000000ff3      0x490 build/default/debug/i2c.o
 .debug_str     0x0000000000001483      0x40c build/default/debug/hwinterface.o
 .debug_str     0x000000000000188f      0x605 build/default/debug/timer.o
 .debug_str     0x0000000000001e94      0x56a build/default/debug/peripherals.o
 .debug_str     0x00000000000023fe      0x38f build/default/debug/i2c_display.o
 .debug_str     0x000000000000278d      0x303 build/default/debug/ui.o
 .debug_str     0x0000000000002a90      0x2be build/default/debug/M24256E.o
 .debug_str     0x0000000000002d4e      0x367 build/default/debug/manager.o
 .debug_str     0x00000000000030b5       0xa6 C:\Users\orras\AppData\Local\Temp\ccAUTy9u.o
 .debug_str     0x000000000000315b      0x2f2 c:/program files/microchip/xc32/v4.10/bin/bin/../../lib/gcc/pic32mx/8.3.1\libgcc.a(floatunsidf.o)
 .debug_str     0x000000000000344d      0x379 c:/program files/microchip/xc32/v4.10/bin/bin/../../lib/gcc/pic32mx/8.3.1/../../../../pic32mx/lib\libpic32.a(default-bootstrap-exception-handler.o)
 .debug_str     0x00000000000037c6      0x353 c:/program files/microchip/xc32/v4.10/bin/bin/../../lib/gcc/pic32mx/8.3.1/../../../../pic32mx/lib\libpic32.a(default-on-reset.o)
 .debug_str     0x0000000000003b19      0x35b c:/program files/microchip/xc32/v4.10/bin/bin/../../lib/gcc/pic32mx/8.3.1/../../../../pic32mx/lib\libpic32.a(default-on-bootstrap.o)
 .debug_str     0x0000000000003e74      0x375 c:/program files/microchip/xc32/v4.10/bin/bin/../../lib/gcc/pic32mx/8.3.1/../../../../pic32mx/lib\libpic32.a(default-general-exception-handler.o)
 .debug_str     0x00000000000041e9      0x36d c:/program files/microchip/xc32/v4.10/bin/bin/../../lib/gcc/pic32mx/8.3.1/../../../../pic32mx/lib\libpic32.a(defaultinterrupt.o)

.debug_loc      0x0000000000000000     0x1148
 *.elf(.debug_loc)
 *(.debug_loc)
 .debug_loc     0x0000000000000000       0x70 build/default/debug/main.o
 .debug_loc     0x0000000000000070      0x1dc build/default/debug/config.o
 .debug_loc     0x000000000000024c      0x264 build/default/debug/PCA9685.o
 .debug_loc     0x00000000000004b0      0x330 build/default/debug/i2c.o
 .debug_loc     0x00000000000007e0       0x44 build/default/debug/hwinterface.o
 .debug_loc     0x0000000000000824      0x110 build/default/debug/timer.o
 .debug_loc     0x0000000000000934      0x264 build/default/debug/peripherals.o
 .debug_loc     0x0000000000000b98      0x330 build/default/debug/i2c_display.o
 .debug_loc     0x0000000000000ec8       0xcc build/default/debug/ui.o
 .debug_loc     0x0000000000000f94       0x44 build/default/debug/M24256E.o
 .debug_loc     0x0000000000000fd8       0x88 build/default/debug/manager.o
 .debug_loc     0x0000000000001060       0x90 c:/program files/microchip/xc32/v4.10/bin/bin/../../lib/gcc/pic32mx/8.3.1\libgcc.a(floatunsidf.o)
 .debug_loc     0x00000000000010f0       0x2c c:/program files/microchip/xc32/v4.10/bin/bin/../../lib/gcc/pic32mx/8.3.1/../../../../pic32mx/lib\libpic32.a(default-bootstrap-exception-handler.o)
 .debug_loc     0x000000000000111c       0x2c c:/program files/microchip/xc32/v4.10/bin/bin/../../lib/gcc/pic32mx/8.3.1/../../../../pic32mx/lib\libpic32.a(default-general-exception-handler.o)

.debug_macinfo
 *.elf(.debug_macinfo)
 *(.debug_macinfo)

.debug_weaknames
 *.elf(.debug_weaknames)
 *(.debug_weaknames)

.debug_funcnames
 *.elf(.debug_funcnames)
 *(.debug_funcnames)

.debug_typenames
 *.elf(.debug_typenames)
 *(.debug_typenames)

.debug_varnames
 *.elf(.debug_varnames)
 *(.debug_varnames)

.debug_pubtypes
 *.elf(.debug_pubtypes)
 *(.debug_pubtypes)

.debug_ranges   0x0000000000000000       0x98
 *.elf(.debug_ranges)
 *(.debug_ranges)
 .debug_ranges  0x0000000000000000       0x10 c:/program files/microchip/xc32/v4.10/bin/bin/../../lib/gcc/pic32mx/8.3.1/../../../../pic32mx/lib\software-debug-break.o
 .debug_ranges  0x0000000000000010       0x38 C:\Users\orras\AppData\Local\Temp\ccAUTy9u.o
 .debug_ranges  0x0000000000000048       0x10 c:/program files/microchip/xc32/v4.10/bin/bin/../../lib/gcc/pic32mx/8.3.1/../../../../pic32mx/lib\libpic32.a(default-bootstrap-exception-handler.o)
 .debug_ranges  0x0000000000000058       0x10 c:/program files/microchip/xc32/v4.10/bin/bin/../../lib/gcc/pic32mx/8.3.1/../../../../pic32mx/lib\libpic32.a(default-on-reset.o)
 .debug_ranges  0x0000000000000068       0x10 c:/program files/microchip/xc32/v4.10/bin/bin/../../lib/gcc/pic32mx/8.3.1/../../../../pic32mx/lib\libpic32.a(default-on-bootstrap.o)
 .debug_ranges  0x0000000000000078       0x10 c:/program files/microchip/xc32/v4.10/bin/bin/../../lib/gcc/pic32mx/8.3.1/../../../../pic32mx/lib\libpic32.a(default-general-exception-handler.o)
 .debug_ranges  0x0000000000000088       0x10 c:/program files/microchip/xc32/v4.10/bin/bin/../../lib/gcc/pic32mx/8.3.1/../../../../pic32mx/lib\libpic32.a(defaultinterrupt.o)

.gnu.attributes
                0x0000000000000000       0x10
 *(.gnu.attributes)
 .gnu.attributes
                0x0000000000000000       0x10 c:/program files/microchip/xc32/v4.10/bin/bin/../../lib/gcc/pic32mx/8.3.1/../../../../pic32mx/lib\software-debug-break.o
 .gnu.attributes
                0x0000000000000010       0x10 build/default/debug/main.o
 .gnu.attributes
                0x0000000000000020       0x10 build/default/debug/config.o
 .gnu.attributes
                0x0000000000000030       0x10 build/default/debug/PCA9685.o
 .gnu.attributes
                0x0000000000000040       0x10 build/default/debug/i2c.o
 .gnu.attributes
                0x0000000000000050       0x10 build/default/debug/hwinterface.o
 .gnu.attributes
                0x0000000000000060       0x10 build/default/debug/timer.o
 .gnu.attributes
                0x0000000000000070       0x10 build/default/debug/peripherals.o
 .gnu.attributes
                0x0000000000000080       0x10 build/default/debug/i2c_display.o
 .gnu.attributes
                0x0000000000000090       0x10 build/default/debug/ui.o
 .gnu.attributes
                0x00000000000000a0       0x10 build/default/debug/M24256E.o
 .gnu.attributes
                0x00000000000000b0       0x10 build/default/debug/manager.o
 .gnu.attributes
                0x00000000000000c0       0x10 C:\Users\orras\AppData\Local\Temp\ccAUTy9u.o
 .gnu.attributes
                0x00000000000000d0       0x10 C:\Users\orras\AppData\Local\Temp\ccdaCwa0.o
 .gnu.attributes
                0x00000000000000e0       0x10 C:\Users\orras\AppData\Local\Temp\ccAdiW9K.o
 .gnu.attributes
                0x00000000000000f0       0x10 c:/program files/microchip/xc32/v4.10/bin/bin/../../lib/gcc/pic32mx/8.3.1/../../../../pic32mx/lib\pic32_software_reset.o
 .gnu.attributes
                0x0000000000000100       0x10 c:/program files/microchip/xc32/v4.10/bin/bin/../../lib/gcc/pic32mx/8.3.1\libgcc.a(floatunsidf.o)
 .gnu.attributes
                0x0000000000000110       0x10 c:/program files/microchip/xc32/v4.10/bin/bin/../../lib/gcc/pic32mx/8.3.1/../../../../pic32mx/lib\libpic32.a(default-bootstrap-exception-handler.o)
 .gnu.attributes
                0x0000000000000120       0x10 c:/program files/microchip/xc32/v4.10/bin/bin/../../lib/gcc/pic32mx/8.3.1/../../../../pic32mx/lib\libpic32.a(default-on-reset.o)
 .gnu.attributes
                0x0000000000000130       0x10 c:/program files/microchip/xc32/v4.10/bin/bin/../../lib/gcc/pic32mx/8.3.1/../../../../pic32mx/lib\libpic32.a(default-on-bootstrap.o)
 .gnu.attributes
                0x0000000000000140       0x10 c:/program files/microchip/xc32/v4.10/bin/bin/../../lib/gcc/pic32mx/8.3.1/../../../../pic32mx/lib\libpic32.a(default-nmi-handler.o)
 .gnu.attributes
                0x0000000000000150       0x10 c:/program files/microchip/xc32/v4.10/bin/bin/../../lib/gcc/pic32mx/8.3.1/../../../../pic32mx/lib\libpic32.a(pic32_data_init.o)
 .gnu.attributes
                0x0000000000000160       0x10 c:/program files/microchip/xc32/v4.10/bin/bin/../../lib/gcc/pic32mx/8.3.1/../../../../pic32mx/lib\libpic32.a(general-exception.o)
 .gnu.attributes
                0x0000000000000170       0x10 c:/program files/microchip/xc32/v4.10/bin/bin/../../lib/gcc/pic32mx/8.3.1/../../../../pic32mx/lib\libpic32.a(vector0.o)
 .gnu.attributes
                0x0000000000000180       0x10 c:/program files/microchip/xc32/v4.10/bin/bin/../../lib/gcc/pic32mx/8.3.1/../../../../pic32mx/lib\libpic32.a(vector1.o)
 .gnu.attributes
                0x0000000000000190       0x10 c:/program files/microchip/xc32/v4.10/bin/bin/../../lib/gcc/pic32mx/8.3.1/../../../../pic32mx/lib\libpic32.a(vector2.o)
 .gnu.attributes
                0x00000000000001a0       0x10 c:/program files/microchip/xc32/v4.10/bin/bin/../../lib/gcc/pic32mx/8.3.1/../../../../pic32mx/lib\libpic32.a(vector3.o)
 .gnu.attributes
                0x00000000000001b0       0x10 c:/program files/microchip/xc32/v4.10/bin/bin/../../lib/gcc/pic32mx/8.3.1/../../../../pic32mx/lib\libpic32.a(vector4.o)
 .gnu.attributes
                0x00000000000001c0       0x10 c:/program files/microchip/xc32/v4.10/bin/bin/../../lib/gcc/pic32mx/8.3.1/../../../../pic32mx/lib\libpic32.a(vector5.o)
 .gnu.attributes
                0x00000000000001d0       0x10 c:/program files/microchip/xc32/v4.10/bin/bin/../../lib/gcc/pic32mx/8.3.1/../../../../pic32mx/lib\libpic32.a(vector6.o)
 .gnu.attributes
                0x00000000000001e0       0x10 c:/program files/microchip/xc32/v4.10/bin/bin/../../lib/gcc/pic32mx/8.3.1/../../../../pic32mx/lib\libpic32.a(vector7.o)
 .gnu.attributes
                0x00000000000001f0       0x10 c:/program files/microchip/xc32/v4.10/bin/bin/../../lib/gcc/pic32mx/8.3.1/../../../../pic32mx/lib\libpic32.a(vector9.o)
 .gnu.attributes
                0x0000000000000200       0x10 c:/program files/microchip/xc32/v4.10/bin/bin/../../lib/gcc/pic32mx/8.3.1/../../../../pic32mx/lib\libpic32.a(vector10.o)
 .gnu.attributes
                0x0000000000000210       0x10 c:/program files/microchip/xc32/v4.10/bin/bin/../../lib/gcc/pic32mx/8.3.1/../../../../pic32mx/lib\libpic32.a(vector11.o)
 .gnu.attributes
                0x0000000000000220       0x10 c:/program files/microchip/xc32/v4.10/bin/bin/../../lib/gcc/pic32mx/8.3.1/../../../../pic32mx/lib\libpic32.a(vector12.o)
 .gnu.attributes
                0x0000000000000230       0x10 c:/program files/microchip/xc32/v4.10/bin/bin/../../lib/gcc/pic32mx/8.3.1/../../../../pic32mx/lib\libpic32.a(vector13.o)
 .gnu.attributes
                0x0000000000000240       0x10 c:/program files/microchip/xc32/v4.10/bin/bin/../../lib/gcc/pic32mx/8.3.1/../../../../pic32mx/lib\libpic32.a(vector14.o)
 .gnu.attributes
                0x0000000000000250       0x10 c:/program files/microchip/xc32/v4.10/bin/bin/../../lib/gcc/pic32mx/8.3.1/../../../../pic32mx/lib\libpic32.a(vector15.o)
 .gnu.attributes
                0x0000000000000260       0x10 c:/program files/microchip/xc32/v4.10/bin/bin/../../lib/gcc/pic32mx/8.3.1/../../../../pic32mx/lib\libpic32.a(vector16.o)
 .gnu.attributes
                0x0000000000000270       0x10 c:/program files/microchip/xc32/v4.10/bin/bin/../../lib/gcc/pic32mx/8.3.1/../../../../pic32mx/lib\libpic32.a(vector17.o)
 .gnu.attributes
                0x0000000000000280       0x10 c:/program files/microchip/xc32/v4.10/bin/bin/../../lib/gcc/pic32mx/8.3.1/../../../../pic32mx/lib\libpic32.a(vector18.o)
 .gnu.attributes
                0x0000000000000290       0x10 c:/program files/microchip/xc32/v4.10/bin/bin/../../lib/gcc/pic32mx/8.3.1/../../../../pic32mx/lib\libpic32.a(vector19.o)
 .gnu.attributes
                0x00000000000002a0       0x10 c:/program files/microchip/xc32/v4.10/bin/bin/../../lib/gcc/pic32mx/8.3.1/../../../../pic32mx/lib\libpic32.a(vector20.o)
 .gnu.attributes
                0x00000000000002b0       0x10 c:/program files/microchip/xc32/v4.10/bin/bin/../../lib/gcc/pic32mx/8.3.1/../../../../pic32mx/lib\libpic32.a(vector21.o)
 .gnu.attributes
                0x00000000000002c0       0x10 c:/program files/microchip/xc32/v4.10/bin/bin/../../lib/gcc/pic32mx/8.3.1/../../../../pic32mx/lib\libpic32.a(vector22.o)
 .gnu.attributes
                0x00000000000002d0       0x10 c:/program files/microchip/xc32/v4.10/bin/bin/../../lib/gcc/pic32mx/8.3.1/../../../../pic32mx/lib\libpic32.a(vector23.o)
 .gnu.attributes
                0x00000000000002e0       0x10 c:/program files/microchip/xc32/v4.10/bin/bin/../../lib/gcc/pic32mx/8.3.1/../../../../pic32mx/lib\libpic32.a(vector24.o)
 .gnu.attributes
                0x00000000000002f0       0x10 c:/program files/microchip/xc32/v4.10/bin/bin/../../lib/gcc/pic32mx/8.3.1/../../../../pic32mx/lib\libpic32.a(vector25.o)
 .gnu.attributes
                0x0000000000000300       0x10 c:/program files/microchip/xc32/v4.10/bin/bin/../../lib/gcc/pic32mx/8.3.1/../../../../pic32mx/lib\libpic32.a(vector26.o)
 .gnu.attributes
                0x0000000000000310       0x10 c:/program files/microchip/xc32/v4.10/bin/bin/../../lib/gcc/pic32mx/8.3.1/../../../../pic32mx/lib\libpic32.a(vector27.o)
 .gnu.attributes
                0x0000000000000320       0x10 c:/program files/microchip/xc32/v4.10/bin/bin/../../lib/gcc/pic32mx/8.3.1/../../../../pic32mx/lib\libpic32.a(vector28.o)
 .gnu.attributes
                0x0000000000000330       0x10 c:/program files/microchip/xc32/v4.10/bin/bin/../../lib/gcc/pic32mx/8.3.1/../../../../pic32mx/lib\libpic32.a(vector29.o)
 .gnu.attributes
                0x0000000000000340       0x10 c:/program files/microchip/xc32/v4.10/bin/bin/../../lib/gcc/pic32mx/8.3.1/../../../../pic32mx/lib\libpic32.a(vector30.o)
 .gnu.attributes
                0x0000000000000350       0x10 c:/program files/microchip/xc32/v4.10/bin/bin/../../lib/gcc/pic32mx/8.3.1/../../../../pic32mx/lib\libpic32.a(vector31.o)
 .gnu.attributes
                0x0000000000000360       0x10 c:/program files/microchip/xc32/v4.10/bin/bin/../../lib/gcc/pic32mx/8.3.1/../../../../pic32mx/lib\libpic32.a(vector32.o)
 .gnu.attributes
                0x0000000000000370       0x10 c:/program files/microchip/xc32/v4.10/bin/bin/../../lib/gcc/pic32mx/8.3.1/../../../../pic32mx/lib\libpic32.a(vector33.o)
 .gnu.attributes
                0x0000000000000380       0x10 c:/program files/microchip/xc32/v4.10/bin/bin/../../lib/gcc/pic32mx/8.3.1/../../../../pic32mx/lib\libpic32.a(vector34.o)
 .gnu.attributes
                0x0000000000000390       0x10 c:/program files/microchip/xc32/v4.10/bin/bin/../../lib/gcc/pic32mx/8.3.1/../../../../pic32mx/lib\libpic32.a(vector35.o)
 .gnu.attributes
                0x00000000000003a0       0x10 c:/program files/microchip/xc32/v4.10/bin/bin/../../lib/gcc/pic32mx/8.3.1/../../../../pic32mx/lib\libpic32.a(vector36.o)
 .gnu.attributes
                0x00000000000003b0       0x10 c:/program files/microchip/xc32/v4.10/bin/bin/../../lib/gcc/pic32mx/8.3.1/../../../../pic32mx/lib\libpic32.a(vector37.o)
 .gnu.attributes
                0x00000000000003c0       0x10 c:/program files/microchip/xc32/v4.10/bin/bin/../../lib/gcc/pic32mx/8.3.1/../../../../pic32mx/lib\libpic32.a(vector38.o)
 .gnu.attributes
                0x00000000000003d0       0x10 c:/program files/microchip/xc32/v4.10/bin/bin/../../lib/gcc/pic32mx/8.3.1/../../../../pic32mx/lib\libpic32.a(vector39.o)
 .gnu.attributes
                0x00000000000003e0       0x10 c:/program files/microchip/xc32/v4.10/bin/bin/../../lib/gcc/pic32mx/8.3.1/../../../../pic32mx/lib\libpic32.a(vector40.o)
 .gnu.attributes
                0x00000000000003f0       0x10 c:/program files/microchip/xc32/v4.10/bin/bin/../../lib/gcc/pic32mx/8.3.1/../../../../pic32mx/lib\libpic32.a(vector41.o)
 .gnu.attributes
                0x0000000000000400       0x10 c:/program files/microchip/xc32/v4.10/bin/bin/../../lib/gcc/pic32mx/8.3.1/../../../../pic32mx/lib\libpic32.a(vector42.o)
 .gnu.attributes
                0x0000000000000410       0x10 c:/program files/microchip/xc32/v4.10/bin/bin/../../lib/gcc/pic32mx/8.3.1/../../../../pic32mx/lib\libpic32.a(vector43.o)
 .gnu.attributes
                0x0000000000000420       0x10 c:/program files/microchip/xc32/v4.10/bin/bin/../../lib/gcc/pic32mx/8.3.1/../../../../pic32mx/lib\libpic32.a(vector44.o)
 .gnu.attributes
                0x0000000000000430       0x10 c:/program files/microchip/xc32/v4.10/bin/bin/../../lib/gcc/pic32mx/8.3.1/../../../../pic32mx/lib\libpic32.a(vector45.o)
 .gnu.attributes
                0x0000000000000440       0x10 c:/program files/microchip/xc32/v4.10/bin/bin/../../lib/gcc/pic32mx/8.3.1/../../../../pic32mx/lib\libpic32.a(vector46.o)
 .gnu.attributes
                0x0000000000000450       0x10 c:/program files/microchip/xc32/v4.10/bin/bin/../../lib/gcc/pic32mx/8.3.1/../../../../pic32mx/lib\libpic32.a(vector47.o)
 .gnu.attributes
                0x0000000000000460       0x10 c:/program files/microchip/xc32/v4.10/bin/bin/../../lib/gcc/pic32mx/8.3.1/../../../../pic32mx/lib\libpic32.a(vector48.o)
 .gnu.attributes
                0x0000000000000470       0x10 c:/program files/microchip/xc32/v4.10/bin/bin/../../lib/gcc/pic32mx/8.3.1/../../../../pic32mx/lib\libpic32.a(vector49.o)
 .gnu.attributes
                0x0000000000000480       0x10 c:/program files/microchip/xc32/v4.10/bin/bin/../../lib/gcc/pic32mx/8.3.1/../../../../pic32mx/lib\libpic32.a(default-general-exception-handler.o)
 .gnu.attributes
                0x0000000000000490       0x10 c:/program files/microchip/xc32/v4.10/bin/bin/../../lib/gcc/pic32mx/8.3.1/../../../../pic32mx/lib\libpic32.a(defaultinterrupt.o)
 .gnu.attributes
                0x00000000000004a0       0x10 c:/program files/microchip/xc32/v4.10/bin/bin/../../lib/gcc/pic32mx/8.3.1/../../../../pic32mx/lib\libm.a(dp32mul.o)
 .gnu.attributes
                0x00000000000004b0       0x10 c:/program files/microchip/xc32/v4.10/bin/bin/../../lib/gcc/pic32mx/8.3.1/../../../../pic32mx/lib\libm.a(dp32subadd.o)
 .gnu.attributes
                0x00000000000004c0       0x10 c:/program files/microchip/xc32/v4.10/bin/bin/../../lib/gcc/pic32mx/8.3.1/../../../../pic32mx/lib\libm.a(dptoul.o)
 .gnu.attributes
                0x00000000000004d0       0x10 c:/program files/microchip/xc32/v4.10/bin/bin/../../lib/gcc/pic32mx/8.3.1/../../../../pic32mx/lib\libm.a(litodp.o)
OUTPUT(dist/default/debug/Cibike_PWM.X.debug.elf elf32-tradlittlemips)
LOAD stack
LOAD data_init

.reginfo        0x0000000000000000       0x18
 .reginfo       0x0000000000000000       0x18 c:/program files/microchip/xc32/v4.10/bin/bin/../../lib/gcc/pic32mx/8.3.1/../../../../pic32mx/lib\software-debug-break.o

.stack          0x00000000a00002b8      0x400
 .stack         0x00000000a00002b8      0x400 stack

.bss            0x00000000a000022c       0x40
 .bss           0x00000000a000022c       0x20 build/default/debug/i2c_display.o
                0x00000000a000022c                firstLine
 .bss           0x00000000a000024c       0x20 build/default/debug/ui.o

.data           0x00000000a000026c       0x10
 .data          0x00000000a000026c       0x10 build/default/debug/PCA9685.o

.bss            0x00000000a000027c       0x10
 .bss           0x00000000a000027c       0x10 build/default/debug/manager.o
                0x00000000a000027c                displayTimer

.bss%z1         0x0000000000000000        0x0
 .bss           0x0000000000000000        0x0 c:/program files/microchip/xc32/v4.10/bin/bin/../../lib/gcc/pic32mx/8.3.1/../../../../pic32mx/lib\libm.a(litodp.o)

.data%z2        0x0000000000000000        0x0
 .data          0x0000000000000000        0x0 c:/program files/microchip/xc32/v4.10/bin/bin/../../lib/gcc/pic32mx/8.3.1/../../../../pic32mx/lib\libm.a(litodp.o)

.bss%z3         0x0000000000000000        0x0
 .bss           0x0000000000000000        0x0 c:/program files/microchip/xc32/v4.10/bin/bin/../../lib/gcc/pic32mx/8.3.1/../../../../pic32mx/lib\libm.a(dptoul.o)

.data%z4        0x0000000000000000        0x0
 .data          0x0000000000000000        0x0 c:/program files/microchip/xc32/v4.10/bin/bin/../../lib/gcc/pic32mx/8.3.1/../../../../pic32mx/lib\libm.a(dptoul.o)

.bss%z5         0x0000000000000000        0x0
 .bss           0x0000000000000000        0x0 c:/program files/microchip/xc32/v4.10/bin/bin/../../lib/gcc/pic32mx/8.3.1/../../../../pic32mx/lib\libm.a(dp32subadd.o)

.data%z6        0x0000000000000000        0x0
 .data          0x0000000000000000        0x0 c:/program files/microchip/xc32/v4.10/bin/bin/../../lib/gcc/pic32mx/8.3.1/../../../../pic32mx/lib\libm.a(dp32subadd.o)

.bss%z7         0x0000000000000000        0x0
 .bss           0x0000000000000000        0x0 c:/program files/microchip/xc32/v4.10/bin/bin/../../lib/gcc/pic32mx/8.3.1/../../../../pic32mx/lib\libm.a(dp32mul.o)

.data%z8        0x0000000000000000        0x0
 .data          0x0000000000000000        0x0 c:/program files/microchip/xc32/v4.10/bin/bin/../../lib/gcc/pic32mx/8.3.1/../../../../pic32mx/lib\libm.a(dp32mul.o)

.bss%z9         0x0000000000000000        0x0
 .bss           0x0000000000000000        0x0 c:/program files/microchip/xc32/v4.10/bin/bin/../../lib/gcc/pic32mx/8.3.1/../../../../pic32mx/lib\libpic32.a(defaultinterrupt.o)

.data%z10       0x0000000000000000        0x0
 .data          0x0000000000000000        0x0 c:/program files/microchip/xc32/v4.10/bin/bin/../../lib/gcc/pic32mx/8.3.1/../../../../pic32mx/lib\libpic32.a(defaultinterrupt.o)

.bss%z11        0x0000000000000000        0x0
 .bss           0x0000000000000000        0x0 c:/program files/microchip/xc32/v4.10/bin/bin/../../lib/gcc/pic32mx/8.3.1/../../../../pic32mx/lib\libpic32.a(default-general-exception-handler.o)

.data%z12       0x0000000000000000        0x0
 .data          0x0000000000000000        0x0 c:/program files/microchip/xc32/v4.10/bin/bin/../../lib/gcc/pic32mx/8.3.1/../../../../pic32mx/lib\libpic32.a(default-general-exception-handler.o)

.bss%z13        0x0000000000000000        0x0
 .bss           0x0000000000000000        0x0 c:/program files/microchip/xc32/v4.10/bin/bin/../../lib/gcc/pic32mx/8.3.1/../../../../pic32mx/lib\libpic32.a(vector49.o)

.data%z14       0x0000000000000000        0x0
 .data          0x0000000000000000        0x0 c:/program files/microchip/xc32/v4.10/bin/bin/../../lib/gcc/pic32mx/8.3.1/../../../../pic32mx/lib\libpic32.a(vector49.o)

.bss%z15        0x0000000000000000        0x0
 .bss           0x0000000000000000        0x0 c:/program files/microchip/xc32/v4.10/bin/bin/../../lib/gcc/pic32mx/8.3.1/../../../../pic32mx/lib\libpic32.a(vector48.o)

.data%z16       0x0000000000000000        0x0
 .data          0x0000000000000000        0x0 c:/program files/microchip/xc32/v4.10/bin/bin/../../lib/gcc/pic32mx/8.3.1/../../../../pic32mx/lib\libpic32.a(vector48.o)

.bss%z17        0x0000000000000000        0x0
 .bss           0x0000000000000000        0x0 c:/program files/microchip/xc32/v4.10/bin/bin/../../lib/gcc/pic32mx/8.3.1/../../../../pic32mx/lib\libpic32.a(vector47.o)

.data%z18       0x0000000000000000        0x0
 .data          0x0000000000000000        0x0 c:/program files/microchip/xc32/v4.10/bin/bin/../../lib/gcc/pic32mx/8.3.1/../../../../pic32mx/lib\libpic32.a(vector47.o)

.bss%z19        0x0000000000000000        0x0
 .bss           0x0000000000000000        0x0 c:/program files/microchip/xc32/v4.10/bin/bin/../../lib/gcc/pic32mx/8.3.1/../../../../pic32mx/lib\libpic32.a(vector46.o)

.data%z20       0x0000000000000000        0x0
 .data          0x0000000000000000        0x0 c:/program files/microchip/xc32/v4.10/bin/bin/../../lib/gcc/pic32mx/8.3.1/../../../../pic32mx/lib\libpic32.a(vector46.o)

.bss%z21        0x0000000000000000        0x0
 .bss           0x0000000000000000        0x0 c:/program files/microchip/xc32/v4.10/bin/bin/../../lib/gcc/pic32mx/8.3.1/../../../../pic32mx/lib\libpic32.a(vector45.o)

.data%z22       0x0000000000000000        0x0
 .data          0x0000000000000000        0x0 c:/program files/microchip/xc32/v4.10/bin/bin/../../lib/gcc/pic32mx/8.3.1/../../../../pic32mx/lib\libpic32.a(vector45.o)

.bss%z23        0x0000000000000000        0x0
 .bss           0x0000000000000000        0x0 c:/program files/microchip/xc32/v4.10/bin/bin/../../lib/gcc/pic32mx/8.3.1/../../../../pic32mx/lib\libpic32.a(vector44.o)

.data%z24       0x0000000000000000        0x0
 .data          0x0000000000000000        0x0 c:/program files/microchip/xc32/v4.10/bin/bin/../../lib/gcc/pic32mx/8.3.1/../../../../pic32mx/lib\libpic32.a(vector44.o)

.bss%z25        0x0000000000000000        0x0
 .bss           0x0000000000000000        0x0 c:/program files/microchip/xc32/v4.10/bin/bin/../../lib/gcc/pic32mx/8.3.1/../../../../pic32mx/lib\libpic32.a(vector43.o)

.data%z26       0x0000000000000000        0x0
 .data          0x0000000000000000        0x0 c:/program files/microchip/xc32/v4.10/bin/bin/../../lib/gcc/pic32mx/8.3.1/../../../../pic32mx/lib\libpic32.a(vector43.o)

.bss%z27        0x0000000000000000        0x0
 .bss           0x0000000000000000        0x0 c:/program files/microchip/xc32/v4.10/bin/bin/../../lib/gcc/pic32mx/8.3.1/../../../../pic32mx/lib\libpic32.a(vector42.o)

.data%z28       0x0000000000000000        0x0
 .data          0x0000000000000000        0x0 c:/program files/microchip/xc32/v4.10/bin/bin/../../lib/gcc/pic32mx/8.3.1/../../../../pic32mx/lib\libpic32.a(vector42.o)

.bss%z29        0x0000000000000000        0x0
 .bss           0x0000000000000000        0x0 c:/program files/microchip/xc32/v4.10/bin/bin/../../lib/gcc/pic32mx/8.3.1/../../../../pic32mx/lib\libpic32.a(vector41.o)

.data%z30       0x0000000000000000        0x0
 .data          0x0000000000000000        0x0 c:/program files/microchip/xc32/v4.10/bin/bin/../../lib/gcc/pic32mx/8.3.1/../../../../pic32mx/lib\libpic32.a(vector41.o)

.bss%z31        0x0000000000000000        0x0
 .bss           0x0000000000000000        0x0 c:/program files/microchip/xc32/v4.10/bin/bin/../../lib/gcc/pic32mx/8.3.1/../../../../pic32mx/lib\libpic32.a(vector40.o)

.data%z32       0x0000000000000000        0x0
 .data          0x0000000000000000        0x0 c:/program files/microchip/xc32/v4.10/bin/bin/../../lib/gcc/pic32mx/8.3.1/../../../../pic32mx/lib\libpic32.a(vector40.o)

.bss%z33        0x0000000000000000        0x0
 .bss           0x0000000000000000        0x0 c:/program files/microchip/xc32/v4.10/bin/bin/../../lib/gcc/pic32mx/8.3.1/../../../../pic32mx/lib\libpic32.a(vector39.o)

.data%z34       0x0000000000000000        0x0
 .data          0x0000000000000000        0x0 c:/program files/microchip/xc32/v4.10/bin/bin/../../lib/gcc/pic32mx/8.3.1/../../../../pic32mx/lib\libpic32.a(vector39.o)

.bss%z35        0x0000000000000000        0x0
 .bss           0x0000000000000000        0x0 c:/program files/microchip/xc32/v4.10/bin/bin/../../lib/gcc/pic32mx/8.3.1/../../../../pic32mx/lib\libpic32.a(vector38.o)

.data%z36       0x0000000000000000        0x0
 .data          0x0000000000000000        0x0 c:/program files/microchip/xc32/v4.10/bin/bin/../../lib/gcc/pic32mx/8.3.1/../../../../pic32mx/lib\libpic32.a(vector38.o)

.bss%z37        0x0000000000000000        0x0
 .bss           0x0000000000000000        0x0 c:/program files/microchip/xc32/v4.10/bin/bin/../../lib/gcc/pic32mx/8.3.1/../../../../pic32mx/lib\libpic32.a(vector37.o)

.data%z38       0x0000000000000000        0x0
 .data          0x0000000000000000        0x0 c:/program files/microchip/xc32/v4.10/bin/bin/../../lib/gcc/pic32mx/8.3.1/../../../../pic32mx/lib\libpic32.a(vector37.o)

.bss%z39        0x0000000000000000        0x0
 .bss           0x0000000000000000        0x0 c:/program files/microchip/xc32/v4.10/bin/bin/../../lib/gcc/pic32mx/8.3.1/../../../../pic32mx/lib\libpic32.a(vector36.o)

.data%z40       0x0000000000000000        0x0
 .data          0x0000000000000000        0x0 c:/program files/microchip/xc32/v4.10/bin/bin/../../lib/gcc/pic32mx/8.3.1/../../../../pic32mx/lib\libpic32.a(vector36.o)

.bss%z41        0x0000000000000000        0x0
 .bss           0x0000000000000000        0x0 c:/program files/microchip/xc32/v4.10/bin/bin/../../lib/gcc/pic32mx/8.3.1/../../../../pic32mx/lib\libpic32.a(vector35.o)

.data%z42       0x0000000000000000        0x0
 .data          0x0000000000000000        0x0 c:/program files/microchip/xc32/v4.10/bin/bin/../../lib/gcc/pic32mx/8.3.1/../../../../pic32mx/lib\libpic32.a(vector35.o)

.bss%z43        0x0000000000000000        0x0
 .bss           0x0000000000000000        0x0 c:/program files/microchip/xc32/v4.10/bin/bin/../../lib/gcc/pic32mx/8.3.1/../../../../pic32mx/lib\libpic32.a(vector34.o)

.data%z44       0x0000000000000000        0x0
 .data          0x0000000000000000        0x0 c:/program files/microchip/xc32/v4.10/bin/bin/../../lib/gcc/pic32mx/8.3.1/../../../../pic32mx/lib\libpic32.a(vector34.o)

.bss%z45        0x0000000000000000        0x0
 .bss           0x0000000000000000        0x0 c:/program files/microchip/xc32/v4.10/bin/bin/../../lib/gcc/pic32mx/8.3.1/../../../../pic32mx/lib\libpic32.a(vector33.o)

.data%z46       0x0000000000000000        0x0
 .data          0x0000000000000000        0x0 c:/program files/microchip/xc32/v4.10/bin/bin/../../lib/gcc/pic32mx/8.3.1/../../../../pic32mx/lib\libpic32.a(vector33.o)

.bss%z47        0x0000000000000000        0x0
 .bss           0x0000000000000000        0x0 c:/program files/microchip/xc32/v4.10/bin/bin/../../lib/gcc/pic32mx/8.3.1/../../../../pic32mx/lib\libpic32.a(vector32.o)

.data%z48       0x0000000000000000        0x0
 .data          0x0000000000000000        0x0 c:/program files/microchip/xc32/v4.10/bin/bin/../../lib/gcc/pic32mx/8.3.1/../../../../pic32mx/lib\libpic32.a(vector32.o)

.bss%z49        0x0000000000000000        0x0
 .bss           0x0000000000000000        0x0 c:/program files/microchip/xc32/v4.10/bin/bin/../../lib/gcc/pic32mx/8.3.1/../../../../pic32mx/lib\libpic32.a(vector31.o)

.data%z50       0x0000000000000000        0x0
 .data          0x0000000000000000        0x0 c:/program files/microchip/xc32/v4.10/bin/bin/../../lib/gcc/pic32mx/8.3.1/../../../../pic32mx/lib\libpic32.a(vector31.o)

.bss%z51        0x0000000000000000        0x0
 .bss           0x0000000000000000        0x0 c:/program files/microchip/xc32/v4.10/bin/bin/../../lib/gcc/pic32mx/8.3.1/../../../../pic32mx/lib\libpic32.a(vector30.o)

.data%z52       0x0000000000000000        0x0
 .data          0x0000000000000000        0x0 c:/program files/microchip/xc32/v4.10/bin/bin/../../lib/gcc/pic32mx/8.3.1/../../../../pic32mx/lib\libpic32.a(vector30.o)

.bss%z53        0x0000000000000000        0x0
 .bss           0x0000000000000000        0x0 c:/program files/microchip/xc32/v4.10/bin/bin/../../lib/gcc/pic32mx/8.3.1/../../../../pic32mx/lib\libpic32.a(vector29.o)

.data%z54       0x0000000000000000        0x0
 .data          0x0000000000000000        0x0 c:/program files/microchip/xc32/v4.10/bin/bin/../../lib/gcc/pic32mx/8.3.1/../../../../pic32mx/lib\libpic32.a(vector29.o)

.bss%z55        0x0000000000000000        0x0
 .bss           0x0000000000000000        0x0 c:/program files/microchip/xc32/v4.10/bin/bin/../../lib/gcc/pic32mx/8.3.1/../../../../pic32mx/lib\libpic32.a(vector28.o)

.data%z56       0x0000000000000000        0x0
 .data          0x0000000000000000        0x0 c:/program files/microchip/xc32/v4.10/bin/bin/../../lib/gcc/pic32mx/8.3.1/../../../../pic32mx/lib\libpic32.a(vector28.o)

.bss%z57        0x0000000000000000        0x0
 .bss           0x0000000000000000        0x0 c:/program files/microchip/xc32/v4.10/bin/bin/../../lib/gcc/pic32mx/8.3.1/../../../../pic32mx/lib\libpic32.a(vector27.o)

.data%z58       0x0000000000000000        0x0
 .data          0x0000000000000000        0x0 c:/program files/microchip/xc32/v4.10/bin/bin/../../lib/gcc/pic32mx/8.3.1/../../../../pic32mx/lib\libpic32.a(vector27.o)

.bss%z59        0x0000000000000000        0x0
 .bss           0x0000000000000000        0x0 c:/program files/microchip/xc32/v4.10/bin/bin/../../lib/gcc/pic32mx/8.3.1/../../../../pic32mx/lib\libpic32.a(vector26.o)

.data%z60       0x0000000000000000        0x0
 .data          0x0000000000000000        0x0 c:/program files/microchip/xc32/v4.10/bin/bin/../../lib/gcc/pic32mx/8.3.1/../../../../pic32mx/lib\libpic32.a(vector26.o)

.bss%z61        0x0000000000000000        0x0
 .bss           0x0000000000000000        0x0 c:/program files/microchip/xc32/v4.10/bin/bin/../../lib/gcc/pic32mx/8.3.1/../../../../pic32mx/lib\libpic32.a(vector25.o)

.data%z62       0x0000000000000000        0x0
 .data          0x0000000000000000        0x0 c:/program files/microchip/xc32/v4.10/bin/bin/../../lib/gcc/pic32mx/8.3.1/../../../../pic32mx/lib\libpic32.a(vector25.o)

.bss%z63        0x0000000000000000        0x0
 .bss           0x0000000000000000        0x0 c:/program files/microchip/xc32/v4.10/bin/bin/../../lib/gcc/pic32mx/8.3.1/../../../../pic32mx/lib\libpic32.a(vector24.o)

.data%z64       0x0000000000000000        0x0
 .data          0x0000000000000000        0x0 c:/program files/microchip/xc32/v4.10/bin/bin/../../lib/gcc/pic32mx/8.3.1/../../../../pic32mx/lib\libpic32.a(vector24.o)

.bss%z65        0x0000000000000000        0x0
 .bss           0x0000000000000000        0x0 c:/program files/microchip/xc32/v4.10/bin/bin/../../lib/gcc/pic32mx/8.3.1/../../../../pic32mx/lib\libpic32.a(vector23.o)

.data%z66       0x0000000000000000        0x0
 .data          0x0000000000000000        0x0 c:/program files/microchip/xc32/v4.10/bin/bin/../../lib/gcc/pic32mx/8.3.1/../../../../pic32mx/lib\libpic32.a(vector23.o)

.bss%z67        0x0000000000000000        0x0
 .bss           0x0000000000000000        0x0 c:/program files/microchip/xc32/v4.10/bin/bin/../../lib/gcc/pic32mx/8.3.1/../../../../pic32mx/lib\libpic32.a(vector22.o)

.data%z68       0x0000000000000000        0x0
 .data          0x0000000000000000        0x0 c:/program files/microchip/xc32/v4.10/bin/bin/../../lib/gcc/pic32mx/8.3.1/../../../../pic32mx/lib\libpic32.a(vector22.o)

.bss%z69        0x0000000000000000        0x0
 .bss           0x0000000000000000        0x0 c:/program files/microchip/xc32/v4.10/bin/bin/../../lib/gcc/pic32mx/8.3.1/../../../../pic32mx/lib\libpic32.a(vector21.o)

.data%z70       0x0000000000000000        0x0
 .data          0x0000000000000000        0x0 c:/program files/microchip/xc32/v4.10/bin/bin/../../lib/gcc/pic32mx/8.3.1/../../../../pic32mx/lib\libpic32.a(vector21.o)

.bss%z71        0x0000000000000000        0x0
 .bss           0x0000000000000000        0x0 c:/program files/microchip/xc32/v4.10/bin/bin/../../lib/gcc/pic32mx/8.3.1/../../../../pic32mx/lib\libpic32.a(vector20.o)

.data%z72       0x0000000000000000        0x0
 .data          0x0000000000000000        0x0 c:/program files/microchip/xc32/v4.10/bin/bin/../../lib/gcc/pic32mx/8.3.1/../../../../pic32mx/lib\libpic32.a(vector20.o)

.bss%z73        0x0000000000000000        0x0
 .bss           0x0000000000000000        0x0 c:/program files/microchip/xc32/v4.10/bin/bin/../../lib/gcc/pic32mx/8.3.1/../../../../pic32mx/lib\libpic32.a(vector19.o)

.data%z74       0x0000000000000000        0x0
 .data          0x0000000000000000        0x0 c:/program files/microchip/xc32/v4.10/bin/bin/../../lib/gcc/pic32mx/8.3.1/../../../../pic32mx/lib\libpic32.a(vector19.o)

.bss%z75        0x0000000000000000        0x0
 .bss           0x0000000000000000        0x0 c:/program files/microchip/xc32/v4.10/bin/bin/../../lib/gcc/pic32mx/8.3.1/../../../../pic32mx/lib\libpic32.a(vector18.o)

.data%z76       0x0000000000000000        0x0
 .data          0x0000000000000000        0x0 c:/program files/microchip/xc32/v4.10/bin/bin/../../lib/gcc/pic32mx/8.3.1/../../../../pic32mx/lib\libpic32.a(vector18.o)

.bss%z77        0x0000000000000000        0x0
 .bss           0x0000000000000000        0x0 c:/program files/microchip/xc32/v4.10/bin/bin/../../lib/gcc/pic32mx/8.3.1/../../../../pic32mx/lib\libpic32.a(vector17.o)

.data%z78       0x0000000000000000        0x0
 .data          0x0000000000000000        0x0 c:/program files/microchip/xc32/v4.10/bin/bin/../../lib/gcc/pic32mx/8.3.1/../../../../pic32mx/lib\libpic32.a(vector17.o)

.bss%z79        0x0000000000000000        0x0
 .bss           0x0000000000000000        0x0 c:/program files/microchip/xc32/v4.10/bin/bin/../../lib/gcc/pic32mx/8.3.1/../../../../pic32mx/lib\libpic32.a(vector16.o)

.data%z80       0x0000000000000000        0x0
 .data          0x0000000000000000        0x0 c:/program files/microchip/xc32/v4.10/bin/bin/../../lib/gcc/pic32mx/8.3.1/../../../../pic32mx/lib\libpic32.a(vector16.o)

.bss%z81        0x0000000000000000        0x0
 .bss           0x0000000000000000        0x0 c:/program files/microchip/xc32/v4.10/bin/bin/../../lib/gcc/pic32mx/8.3.1/../../../../pic32mx/lib\libpic32.a(vector15.o)

.data%z82       0x0000000000000000        0x0
 .data          0x0000000000000000        0x0 c:/program files/microchip/xc32/v4.10/bin/bin/../../lib/gcc/pic32mx/8.3.1/../../../../pic32mx/lib\libpic32.a(vector15.o)

.bss%z83        0x0000000000000000        0x0